Archive member included to satisfy reference by file (symbol)

c:/ac6/systemworkbench/plugins/fr.ac6.mcu.externaltools.arm-none.win32_1.15.0.201708311556/tools/compiler/bin/../lib/gcc/arm-none-eabi/6.3.1/thumb/v7e-m/fpv5/hard\libgcc.a(_aeabi_uldivmod.o)
                              Drivers/STM32F7xx_HAL_Driver/Src/stm32f7xx_hal_rcc.o (__aeabi_uldivmod)
c:/ac6/systemworkbench/plugins/fr.ac6.mcu.externaltools.arm-none.win32_1.15.0.201708311556/tools/compiler/bin/../lib/gcc/arm-none-eabi/6.3.1/thumb/v7e-m/fpv5/hard\libgcc.a(_udivmoddi4.o)
                              c:/ac6/systemworkbench/plugins/fr.ac6.mcu.externaltools.arm-none.win32_1.15.0.201708311556/tools/compiler/bin/../lib/gcc/arm-none-eabi/6.3.1/thumb/v7e-m/fpv5/hard\libgcc.a(_aeabi_uldivmod.o) (__udivmoddi4)
c:/ac6/systemworkbench/plugins/fr.ac6.mcu.externaltools.arm-none.win32_1.15.0.201708311556/tools/compiler/bin/../lib/gcc/arm-none-eabi/6.3.1/thumb/v7e-m/fpv5/hard\libgcc.a(_dvmd_tls.o)
                              c:/ac6/systemworkbench/plugins/fr.ac6.mcu.externaltools.arm-none.win32_1.15.0.201708311556/tools/compiler/bin/../lib/gcc/arm-none-eabi/6.3.1/thumb/v7e-m/fpv5/hard\libgcc.a(_aeabi_uldivmod.o) (__aeabi_ldiv0)
c:/ac6/systemworkbench/plugins/fr.ac6.mcu.externaltools.arm-none.win32_1.15.0.201708311556/tools/compiler/bin/../lib/gcc/arm-none-eabi/6.3.1/../../../../arm-none-eabi/lib/thumb/v7e-m/fpv5/hard\libc_nano.a(lib_a-exit.o)
                              c:/ac6/systemworkbench/plugins/fr.ac6.mcu.externaltools.arm-none.win32_1.15.0.201708311556/tools/compiler/bin/../lib/gcc/arm-none-eabi/6.3.1/../../../../arm-none-eabi/lib/thumb/v7e-m/fpv5/hard/crt0.o (exit)
c:/ac6/systemworkbench/plugins/fr.ac6.mcu.externaltools.arm-none.win32_1.15.0.201708311556/tools/compiler/bin/../lib/gcc/arm-none-eabi/6.3.1/../../../../arm-none-eabi/lib/thumb/v7e-m/fpv5/hard\libc_nano.a(lib_a-impure.o)
                              c:/ac6/systemworkbench/plugins/fr.ac6.mcu.externaltools.arm-none.win32_1.15.0.201708311556/tools/compiler/bin/../lib/gcc/arm-none-eabi/6.3.1/../../../../arm-none-eabi/lib/thumb/v7e-m/fpv5/hard\libc_nano.a(lib_a-exit.o) (_global_impure_ptr)
c:/ac6/systemworkbench/plugins/fr.ac6.mcu.externaltools.arm-none.win32_1.15.0.201708311556/tools/compiler/bin/../lib/gcc/arm-none-eabi/6.3.1/../../../../arm-none-eabi/lib/thumb/v7e-m/fpv5/hard\libc_nano.a(lib_a-init.o)
                              c:/ac6/systemworkbench/plugins/fr.ac6.mcu.externaltools.arm-none.win32_1.15.0.201708311556/tools/compiler/bin/../lib/gcc/arm-none-eabi/6.3.1/../../../../arm-none-eabi/lib/thumb/v7e-m/fpv5/hard/crt0.o (__libc_init_array)
c:/ac6/systemworkbench/plugins/fr.ac6.mcu.externaltools.arm-none.win32_1.15.0.201708311556/tools/compiler/bin/../lib/gcc/arm-none-eabi/6.3.1/../../../../arm-none-eabi/lib/thumb/v7e-m/fpv5/hard\libc_nano.a(lib_a-malloc.o)
                              Middlewares/ST/STM32_USB_Device_Library/Class/CDC/Src/usbd_cdc.o (malloc)
c:/ac6/systemworkbench/plugins/fr.ac6.mcu.externaltools.arm-none.win32_1.15.0.201708311556/tools/compiler/bin/../lib/gcc/arm-none-eabi/6.3.1/../../../../arm-none-eabi/lib/thumb/v7e-m/fpv5/hard\libc_nano.a(lib_a-memcpy-stub.o)
                              application/VCP_interface.o (memcpy)
c:/ac6/systemworkbench/plugins/fr.ac6.mcu.externaltools.arm-none.win32_1.15.0.201708311556/tools/compiler/bin/../lib/gcc/arm-none-eabi/6.3.1/../../../../arm-none-eabi/lib/thumb/v7e-m/fpv5/hard\libc_nano.a(lib_a-memset.o)
                              c:/ac6/systemworkbench/plugins/fr.ac6.mcu.externaltools.arm-none.win32_1.15.0.201708311556/tools/compiler/bin/../lib/gcc/arm-none-eabi/6.3.1/../../../../arm-none-eabi/lib/thumb/v7e-m/fpv5/hard/crt0.o (memset)
c:/ac6/systemworkbench/plugins/fr.ac6.mcu.externaltools.arm-none.win32_1.15.0.201708311556/tools/compiler/bin/../lib/gcc/arm-none-eabi/6.3.1/../../../../arm-none-eabi/lib/thumb/v7e-m/fpv5/hard\libc_nano.a(lib_a-nano-freer.o)
                              c:/ac6/systemworkbench/plugins/fr.ac6.mcu.externaltools.arm-none.win32_1.15.0.201708311556/tools/compiler/bin/../lib/gcc/arm-none-eabi/6.3.1/../../../../arm-none-eabi/lib/thumb/v7e-m/fpv5/hard\libc_nano.a(lib_a-malloc.o) (_free_r)
c:/ac6/systemworkbench/plugins/fr.ac6.mcu.externaltools.arm-none.win32_1.15.0.201708311556/tools/compiler/bin/../lib/gcc/arm-none-eabi/6.3.1/../../../../arm-none-eabi/lib/thumb/v7e-m/fpv5/hard\libc_nano.a(lib_a-nano-mallocr.o)
                              c:/ac6/systemworkbench/plugins/fr.ac6.mcu.externaltools.arm-none.win32_1.15.0.201708311556/tools/compiler/bin/../lib/gcc/arm-none-eabi/6.3.1/../../../../arm-none-eabi/lib/thumb/v7e-m/fpv5/hard\libc_nano.a(lib_a-malloc.o) (_malloc_r)
c:/ac6/systemworkbench/plugins/fr.ac6.mcu.externaltools.arm-none.win32_1.15.0.201708311556/tools/compiler/bin/../lib/gcc/arm-none-eabi/6.3.1/../../../../arm-none-eabi/lib/thumb/v7e-m/fpv5/hard\libc_nano.a(lib_a-sbrkr.o)
[...]
Memory Configuration

Name             Origin             Length             Attributes
RAM              0x20000000         0x00080000         xrw
FLASH            0x08000000         0x00200000         xr
*default*        0x00000000         0xffffffff

Linker script and memory map

LOAD c:/ac6/systemworkbench/plugins/fr.ac6.mcu.externaltools.arm-none.win32_1.15.0.201708311556/tools/compiler/bin/../lib/gcc/arm-none-eabi/6.3.1/thumb/v7e-m/fpv5/hard/crti.o
LOAD c:/ac6/systemworkbench/plugins/fr.ac6.mcu.externaltools.arm-none.win32_1.15.0.201708311556/tools/compiler/bin/../lib/gcc/arm-none-eabi/6.3.1/thumb/v7e-m/fpv5/hard/crtbegin.o
LOAD c:/ac6/systemworkbench/plugins/fr.ac6.mcu.externaltools.arm-none.win32_1.15.0.201708311556/tools/compiler/bin/../lib/gcc/arm-none-eabi/6.3.1/../../../../arm-none-eabi/lib/thumb/v7e-m/fpv5/hard/crt0.o
LOAD Drivers/STM32F7xx_HAL_Driver/Src/stm32f7xx_hal.o
LOAD Drivers/STM32F7xx_HAL_Driver/Src/stm32f7xx_hal_cortex.o
LOAD Drivers/STM32F7xx_HAL_Driver/Src/stm32f7xx_hal_dma.o
LOAD Drivers/STM32F7xx_HAL_Driver/Src/stm32f7xx_hal_dma_ex.o
LOAD Drivers/STM32F7xx_HAL_Driver/Src/stm32f7xx_hal_flash.o
LOAD Drivers/STM32F7xx_HAL_Driver/Src/stm32f7xx_hal_flash_ex.o
LOAD Drivers/STM32F7xx_HAL_Driver/Src/stm32f7xx_hal_gpio.o
LOAD Drivers/STM32F7xx_HAL_Driver/Src/stm32f7xx_hal_i2c.o
LOAD Drivers/STM32F7xx_HAL_Driver/Src/stm32f7xx_hal_i2c_ex.o
LOAD Drivers/STM32F7xx_HAL_Driver/Src/stm32f7xx_hal_pcd.o
LOAD Drivers/STM32F7xx_HAL_Driver/Src/stm32f7xx_hal_pcd_ex.o
LOAD Drivers/STM32F7xx_HAL_Driver/Src/stm32f7xx_hal_pwr.o
LOAD Drivers/STM32F7xx_HAL_Driver/Src/stm32f7xx_hal_pwr_ex.o
LOAD Drivers/STM32F7xx_HAL_Driver/Src/stm32f7xx_hal_rcc.o
LOAD Drivers/STM32F7xx_HAL_Driver/Src/stm32f7xx_hal_rcc_ex.o
LOAD Drivers/STM32F7xx_HAL_Driver/Src/stm32f7xx_hal_sd.o
LOAD Drivers/STM32F7xx_HAL_Driver/Src/stm32f7xx_hal_spi.o
LOAD Drivers/STM32F7xx_HAL_Driver/Src/stm32f7xx_hal_tim.o
LOAD Drivers/STM32F7xx_HAL_Driver/Src/stm32f7xx_hal_tim_ex.o
LOAD Drivers/STM32F7xx_HAL_Driver/Src/stm32f7xx_ll_sdmmc.o
LOAD Drivers/STM32F7xx_HAL_Driver/Src/stm32f7xx_ll_usb.o
LOAD Middlewares/ST/STM32_USB_Device_Library/Class/CDC/Src/usbd_cdc.o
LOAD Middlewares/ST/STM32_USB_Device_Library/Core/Src/usbd_core.o
LOAD Middlewares/ST/STM32_USB_Device_Library/Core/Src/usbd_ctlreq.o
LOAD Middlewares/ST/STM32_USB_Device_Library/Core/Src/usbd_ioreq.o
LOAD Middlewares/Third_Party/FatFs/src/diskio.o
LOAD Middlewares/Third_Party/FatFs/src/ff.o
LOAD Middlewares/Third_Party/FatFs/src/ff_gen_drv.o
LOAD Middlewares/Third_Party/FatFs/src/option/syscall.o
LOAD Src/bsp_driver_sd.o
LOAD Src/fatfs.o
LOAD Src/main.o
LOAD Src/sd_diskio.o
LOAD Src/stm32f7xx_hal_msp.o
LOAD Src/stm32f7xx_it.o
LOAD Src/system_stm32f7xx.o
LOAD Src/usb_device.o
LOAD Src/usbd_cdc_if.o
LOAD Src/usbd_conf.o
LOAD Src/usbd_desc.o
LOAD application/VCP_interface.o
LOAD application/app.o
LOAD application/app_storage.o
LOAD startup/startup_stm32f769xx.o
LOAD c:/ac6/systemworkbench/plugins/fr.ac6.mcu.externaltools.arm-none.win32_1.15.0.201708311556/tools/compiler/bin/../lib/gcc/arm-none-eabi/6.3.1/../../../../arm-none-eabi/lib/thumb/v7e-m/fpv5/hard\libm.a
START GROUP
LOAD c:/ac6/systemworkbench/plugins/fr.ac6.mcu.externaltools.arm-none.win32_1.15.0.201708311556/tools/compiler/bin/../lib/gcc/arm-none-eabi/6.3.1/thumb/v7e-m/fpv5/hard\libgcc.a
LOAD c:/ac6/systemworkbench/plugins/fr.ac6.mcu.externaltools.arm-none.win32_1.15.0.201708311556/tools/compiler/bin/../lib/gcc/arm-none-eabi/6.3.1/../../../../arm-none-eabi/lib/thumb/v7e-m/fpv5/hard\libc_nano.a
END GROUP
START GROUP
LOAD c:/ac6/systemworkbench/plugins/fr.ac6.mcu.externaltools.arm-none.win32_1.15.0.201708311556/tools/compiler/bin/../lib/gcc/arm-none-eabi/6.3.1/thumb/v7e-m/fpv5/hard\libgcc.a
LOAD c:/ac6/systemworkbench/plugins/fr.ac6.mcu.externaltools.arm-none.win32_1.15.0.201708311556/tools/compiler/bin/../lib/gcc/arm-none-eabi/6.3.1/../../../../arm-none-eabi/lib/thumb/v7e-m/fpv5/hard\libc_nano.a
LOAD c:/ac6/systemworkbench/plugins/fr.ac6.mcu.externaltools.arm-none.win32_1.15.0.201708311556/tools/compiler/bin/../lib/gcc/arm-none-eabi/6.3.1/../../../../arm-none-eabi/lib/thumb/v7e-m/fpv5/hard\libnosys.a
END GROUP
START GROUP
LOAD c:/ac6/systemworkbench/plugins/fr.ac6.mcu.externaltools.arm-none.win32_1.15.0.201708311556/tools/compiler/bin/../lib/gcc/arm-none-eabi/6.3.1/thumb/v7e-m/fpv5/hard\libgcc.a
LOAD c:/ac6/systemworkbench/plugins/fr.ac6.mcu.externaltools.arm-none.win32_1.15.0.201708311556/tools/compiler/bin/../lib/gcc/arm-none-eabi/6.3.1/../../../../arm-none-eabi/lib/thumb/v7e-m/fpv5/hard\libc_nano.a
LOAD c:/ac6/systemworkbench/plugins/fr.ac6.mcu.externaltools.arm-none.win32_1.15.0.201708311556/tools/compiler/bin/../lib/gcc/arm-none-eabi/6.3.1/../../../../arm-none-eabi/lib/thumb/v7e-m/fpv5/hard\libnosys.a
END GROUP
LOAD c:/ac6/systemworkbench/plugins/fr.ac6.mcu.externaltools.arm-none.win32_1.15.0.201708311556/tools/compiler/bin/../lib/gcc/arm-none-eabi/6.3.1/thumb/v7e-m/fpv5/hard/crtend.o
LOAD c:/ac6/systemworkbench/plugins/fr.ac6.mcu.externaltools.arm-none.win32_1.15.0.201708311556/tools/compiler/bin/../lib/gcc/arm-none-eabi/6.3.1/thumb/v7e-m/fpv5/hard/crtn.o
                0x20080000                _estack = 0x20080000
                0x00000200                _Min_Heap_Size = 0x200
                0x00000400                _Min_Stack_Size = 0x400

.isr_vector     0x08000000      0x1f8
                0x08000000                . = ALIGN (0x4)
 *(.isr_vector)
 .isr_vector    0x08000000      0x1f8 startup/startup_stm32f769xx.o
                0x08000000                g_pfnVectors
                0x080001f8                . = ALIGN (0x4)

.text           0x080001f8     0x73f0
                0x080001f8                . = ALIGN (0x4)
 *(.text)
 .text          0x080001f8       0x6c c:/ac6/systemworkbench/plugins/fr.ac6.mcu.externaltools.arm-none.win32_1.15.0.201708311556/tools/compiler/bin/../lib/gcc/arm-none-eabi/6.3.1/thumb/v7e-m/fpv5/hard/crtbegin.o
 .text          0x08000264       0x30 c:/ac6/systemworkbench/plugins/fr.ac6.mcu.externaltools.arm-none.win32_1.15.0.201708311556/tools/compiler/bin/../lib/gcc/arm-none-eabi/6.3.1/thumb/v7e-m/fpv5/hard\libgcc.a(_aeabi_uldivmod.o)
                0x08000264                __aeabi_uldivmod
 .text          0x08000294      0x2dc c:/ac6/systemworkbench/plugins/fr.ac6.mcu.externaltools.arm-none.win32_1.15.0.201708311556/tools/compiler/bin/../lib/gcc/arm-none-eabi/6.3.1/thumb/v7e-m/fpv5/hard\libgcc.a(_udivmoddi4.o)
                0x08000294                __udivmoddi4
 .text          0x08000570        0x4 c:/ac6/systemworkbench/plugins/fr.ac6.mcu.externaltools.arm-none.win32_1.15.0.201708311556/tools/compiler/bin/../lib/gcc/arm-none-eabi/6.3.1/thumb/v7e-m/fpv5/hard\libgcc.a(_dvmd_tls.o)
                0x08000570                __aeabi_idiv0
                0x08000570                __aeabi_ldiv0
 *(.text*)
 .text.HAL_InitTick
                0x08000574       0x48 Drivers/STM32F7xx_HAL_Driver/Src/stm32f7xx_hal.o
                0x08000574                HAL_InitTick
 .text.HAL_Init
                0x080005bc       0x16 Drivers/STM32F7xx_HAL_Driver/Src/stm32f7xx_hal.o
                0x080005bc                HAL_Init
 *fill*         0x080005d2        0x2 
 .text.HAL_IncTick
                0x080005d4       0x18 Drivers/STM32F7xx_HAL_Driver/Src/stm32f7xx_hal.o
                0x080005d4                HAL_IncTick
 .text.HAL_GetTick
                0x080005ec        0xc Drivers/STM32F7xx_HAL_Driver/Src/stm32f7xx_hal.o
                0x080005ec                HAL_GetTick
 .text.HAL_Delay
                0x080005f8       0x28 Drivers/STM32F7xx_HAL_Driver/Src/stm32f7xx_hal.o
                0x080005f8                HAL_Delay
 .text.HAL_NVIC_SetPriorityGrouping
                0x08000620       0x24 Drivers/STM32F7xx_HAL_Driver/Src/stm32f7xx_hal_cortex.o
                0x08000620                HAL_NVIC_SetPriorityGrouping
 .text.HAL_NVIC_SetPriority
                0x08000644       0x60 Drivers/STM32F7xx_HAL_Driver/Src/stm32f7xx_hal_cortex.o
                0x08000644                HAL_NVIC_SetPriority
 .text.HAL_NVIC_EnableIRQ
                0x080006a4       0x18 Drivers/STM32F7xx_HAL_Driver/Src/stm32f7xx_hal_cortex.o
                0x080006a4                HAL_NVIC_EnableIRQ
 .text.HAL_SYSTICK_Config
                0x080006bc       0x2c Drivers/STM32F7xx_HAL_Driver/Src/stm32f7xx_hal_cortex.o
                0x080006bc                HAL_SYSTICK_Config
 .text.HAL_SYSTICK_CLKSourceConfig
                0x080006e8       0x20 Drivers/STM32F7xx_HAL_Driver/Src/stm32f7xx_hal_cortex.o
                0x080006e8                HAL_SYSTICK_CLKSourceConfig
 .text.HAL_SYSTICK_Callback
                0x08000708        0x2 Drivers/STM32F7xx_HAL_Driver/Src/stm32f7xx_hal_cortex.o
                0x08000708                HAL_SYSTICK_Callback
 .text.HAL_SYSTICK_IRQHandler
                0x0800070a        0x8 Drivers/STM32F7xx_HAL_Driver/Src/stm32f7xx_hal_cortex.o
                0x0800070a                HAL_SYSTICK_IRQHandler
 *fill*         0x08000712        0x2 
 .text.DMA_CalcBaseAndBitshift
                0x08000714       0x38 Drivers/STM32F7xx_HAL_Driver/Src/stm32f7xx_hal_dma.o
 .text.DMA_CheckFifoParam
                0x0800074c       0x8e Drivers/STM32F7xx_HAL_Driver/Src/stm32f7xx_hal_dma.o
 *fill*         0x080007da        0x2 
 .text.HAL_DMA_Init
                0x080007dc       0xd0 Drivers/STM32F7xx_HAL_Driver/Src/stm32f7xx_hal_dma.o
                0x080007dc                HAL_DMA_Init
 .text.HAL_DMA_IRQHandler
                0x080008ac      0x1dc Drivers/STM32F7xx_HAL_Driver/Src/stm32f7xx_hal_dma.o
                0x080008ac                HAL_DMA_IRQHandler
 .text.HAL_GPIO_Init
                0x08000a88      0x1dc Drivers/STM32F7xx_HAL_Driver/Src/stm32f7xx_hal_gpio.o
                0x08000a88                HAL_GPIO_Init
 .text.PCD_WriteEmptyTxFifo
                0x08000c64       0xc0 Drivers/STM32F7xx_HAL_Driver/Src/stm32f7xx_hal_pcd.o
 .text.HAL_PCD_Init
                0x08000d24       0xee Drivers/STM32F7xx_HAL_Driver/Src/stm32f7xx_hal_pcd.o
                0x08000d24                HAL_PCD_Init
 .text.HAL_PCD_Start
                0x08000e12       0x2a Drivers/STM32F7xx_HAL_Driver/Src/stm32f7xx_hal_pcd.o
                0x08000e12                HAL_PCD_Start
 .text.HAL_PCD_IRQHandler
                0x08000e3c      0x65c Drivers/STM32F7xx_HAL_Driver/Src/stm32f7xx_hal_pcd.o
                0x08000e3c                HAL_PCD_IRQHandler
 .text.HAL_PCD_SetAddress
                0x08001498       0x24 Drivers/STM32F7xx_HAL_Driver/Src/stm32f7xx_hal_pcd.o
                0x08001498                HAL_PCD_SetAddress
 .text.HAL_PCD_EP_Open
                0x080014bc       0x68 Drivers/STM32F7xx_HAL_Driver/Src/stm32f7xx_hal_pcd.o
                0x080014bc                HAL_PCD_EP_Open
 .text.HAL_PCD_EP_Close
                0x08001524       0x56 Drivers/STM32F7xx_HAL_Driver/Src/stm32f7xx_hal_pcd.o
                0x08001524                HAL_PCD_EP_Close
 .text.HAL_PCD_EP_Receive
                0x0800157a       0x5a Drivers/STM32F7xx_HAL_Driver/Src/stm32f7xx_hal_pcd.o
                0x0800157a                HAL_PCD_EP_Receive
 .text.HAL_PCD_EP_GetRxCount
                0x080015d4       0x12 Drivers/STM32F7xx_HAL_Driver/Src/stm32f7xx_hal_pcd.o
                0x080015d4                HAL_PCD_EP_GetRxCount
 .text.HAL_PCD_EP_Transmit
                0x080015e6       0x52 Drivers/STM32F7xx_HAL_Driver/Src/stm32f7xx_hal_pcd.o
                0x080015e6                HAL_PCD_EP_Transmit
 .text.HAL_PCD_EP_SetStall
                0x08001638       0x74 Drivers/STM32F7xx_HAL_Driver/Src/stm32f7xx_hal_pcd.o
                0x08001638                HAL_PCD_EP_SetStall
 .text.HAL_PCD_EP_ClrStall
                0x080016ac       0x64 Drivers/STM32F7xx_HAL_Driver/Src/stm32f7xx_hal_pcd.o
                0x080016ac                HAL_PCD_EP_ClrStall
 .text.HAL_PCDEx_SetTxFiFo
                0x08001710       0x48 Drivers/STM32F7xx_HAL_Driver/Src/stm32f7xx_hal_pcd_ex.o
                0x08001710                HAL_PCDEx_SetTxFiFo
 .text.HAL_PCDEx_SetRxFiFo
                0x08001758        0x8 Drivers/STM32F7xx_HAL_Driver/Src/stm32f7xx_hal_pcd_ex.o
                0x08001758                HAL_PCDEx_SetRxFiFo
 .text.HAL_PCDEx_ActivateLPM
                0x08001760       0x28 Drivers/STM32F7xx_HAL_Driver/Src/stm32f7xx_hal_pcd_ex.o
                0x08001760                HAL_PCDEx_ActivateLPM
 .text.HAL_PCDEx_LPM_Callback
                0x08001788        0x2 Drivers/STM32F7xx_HAL_Driver/Src/stm32f7xx_hal_pcd_ex.o
                0x08001788                HAL_PCDEx_LPM_Callback
 *fill*         0x0800178a        0x2 
 .text.HAL_PWREx_EnableOverDrive
                0x0800178c       0x7c Drivers/STM32F7xx_HAL_Driver/Src/stm32f7xx_hal_pwr_ex.o
                0x0800178c                HAL_PWREx_EnableOverDrive
 .text.HAL_RCC_OscConfig
                0x08001808      0x3d4 Drivers/STM32F7xx_HAL_Driver/Src/stm32f7xx_hal_rcc.o
                0x08001808                HAL_RCC_OscConfig
 .text.HAL_RCC_GetSysClockFreq
                0x08001bdc       0xa4 Drivers/STM32F7xx_HAL_Driver/Src/stm32f7xx_hal_rcc.o
                0x08001bdc                HAL_RCC_GetSysClockFreq
 .text.HAL_RCC_ClockConfig
                0x08001c80      0x164 Drivers/STM32F7xx_HAL_Driver/Src/stm32f7xx_hal_rcc.o
                0x08001c80                HAL_RCC_ClockConfig
 .text.HAL_RCC_GetHCLKFreq
                0x08001de4        0xc Drivers/STM32F7xx_HAL_Driver/Src/stm32f7xx_hal_rcc.o
                0x08001de4                HAL_RCC_GetHCLKFreq
 .text.HAL_RCCEx_PeriphCLKConfig
                0x08001df0      0x608 Drivers/STM32F7xx_HAL_Driver/Src/stm32f7xx_hal_rcc_ex.o
                0x08001df0                HAL_RCCEx_PeriphCLKConfig
 .text.SD_PowerON
                0x080023f8       0xd4 Drivers/STM32F7xx_HAL_Driver/Src/stm32f7xx_hal_sd.o
 .text.SD_FindSCR
                0x080024cc      0x106 Drivers/STM32F7xx_HAL_Driver/Src/stm32f7xx_hal_sd.o
 .text.SD_WideBus_Enable
                0x080025d2       0x5a Drivers/STM32F7xx_HAL_Driver/Src/stm32f7xx_hal_sd.o
 .text.SD_WideBus_Disable
                0x0800262c       0x5a Drivers/STM32F7xx_HAL_Driver/Src/stm32f7xx_hal_sd.o
 .text.SD_SendStatus
                0x08002686       0x2a Drivers/STM32F7xx_HAL_Driver/Src/stm32f7xx_hal_sd.o
 .text.HAL_SD_ReadBlocks
                0x080026b0      0x21e Drivers/STM32F7xx_HAL_Driver/Src/stm32f7xx_hal_sd.o
                0x080026b0                HAL_SD_ReadBlocks
 .text.HAL_SD_WriteBlocks
                0x080028ce      0x1e4 Drivers/STM32F7xx_HAL_Driver/Src/stm32f7xx_hal_sd.o
                0x080028ce                HAL_SD_WriteBlocks
 .text.HAL_SD_GetCardCSD
                0x08002ab2      0x1e4 Drivers/STM32F7xx_HAL_Driver/Src/stm32f7xx_hal_sd.o
                0x08002ab2                HAL_SD_GetCardCSD
 .text.SD_InitCard
                0x08002c96       0xf4 Drivers/STM32F7xx_HAL_Driver/Src/stm32f7xx_hal_sd.o
 .text.HAL_SD_InitCard
                0x08002d8a       0x80 Drivers/STM32F7xx_HAL_Driver/Src/stm32f7xx_hal_sd.o
                0x08002d8a                HAL_SD_InitCard
 .text.HAL_SD_Init
                0x08002e0a       0x32 Drivers/STM32F7xx_HAL_Driver/Src/stm32f7xx_hal_sd.o
                0x08002e0a                HAL_SD_Init
 .text.HAL_SD_GetCardInfo
                0x08002e3c       0x24 Drivers/STM32F7xx_HAL_Driver/Src/stm32f7xx_hal_sd.o
                0x08002e3c                HAL_SD_GetCardInfo
 .text.HAL_SD_ConfigWideBusOperation
                0x08002e60       0xa0 Drivers/STM32F7xx_HAL_Driver/Src/stm32f7xx_hal_sd.o
                0x08002e60                HAL_SD_ConfigWideBusOperation
 .text.HAL_SD_GetCardState
                0x08002f00       0x26 Drivers/STM32F7xx_HAL_Driver/Src/stm32f7xx_hal_sd.o
                0x08002f00                HAL_SD_GetCardState
 .text.HAL_SPI_Init
                0x08002f26       0xba Drivers/STM32F7xx_HAL_Driver/Src/stm32f7xx_hal_spi.o
                0x08002f26                HAL_SPI_Init
 .text.SDMMC_GetCmdError
                0x08002fe0       0x3c Drivers/STM32F7xx_HAL_Driver/Src/stm32f7xx_ll_sdmmc.o
 .text.SDMMC_GetCmdResp2
                0x0800301c       0x5c Drivers/STM32F7xx_HAL_Driver/Src/stm32f7xx_ll_sdmmc.o
 .text.SDMMC_GetCmdResp3
                0x08003078       0x4c Drivers/STM32F7xx_HAL_Driver/Src/stm32f7xx_ll_sdmmc.o
 .text.SDMMC_GetCmdResp7
                0x080030c4       0x54 Drivers/STM32F7xx_HAL_Driver/Src/stm32f7xx_ll_sdmmc.o
 .text.SDMMC_Init
                0x08003118       0x38 Drivers/STM32F7xx_HAL_Driver/Src/stm32f7xx_ll_sdmmc.o
                0x08003118                SDMMC_Init
 .text.SDMMC_ReadFIFO
                0x08003150        0x6 Drivers/STM32F7xx_HAL_Driver/Src/stm32f7xx_ll_sdmmc.o
                0x08003150                SDMMC_ReadFIFO
 .text.SDMMC_WriteFIFO
                0x08003156        0xa Drivers/STM32F7xx_HAL_Driver/Src/stm32f7xx_ll_sdmmc.o
                0x08003156                SDMMC_WriteFIFO
 .text.SDMMC_PowerState_ON
                0x08003160        0x8 Drivers/STM32F7xx_HAL_Driver/Src/stm32f7xx_ll_sdmmc.o
                0x08003160                SDMMC_PowerState_ON
 .text.SDMMC_GetPowerState
                0x08003168        0x8 Drivers/STM32F7xx_HAL_Driver/Src/stm32f7xx_ll_sdmmc.o
                0x08003168                SDMMC_GetPowerState
 .text.SDMMC_SendCommand
                0x08003170       0x24 Drivers/STM32F7xx_HAL_Driver/Src/stm32f7xx_ll_sdmmc.o
                0x08003170                SDMMC_SendCommand
 .text.SDMMC_GetCommandResponse
                0x08003194        0x6 Drivers/STM32F7xx_HAL_Driver/Src/stm32f7xx_ll_sdmmc.o
                0x08003194                SDMMC_GetCommandResponse
 .text.SDMMC_GetResponse
                0x0800319a       0x14 Drivers/STM32F7xx_HAL_Driver/Src/stm32f7xx_ll_sdmmc.o
                0x0800319a                SDMMC_GetResponse
 *fill*         0x080031ae        0x2 
 .text.SDMMC_GetCmdResp1
                0x080031b0      0x158 Drivers/STM32F7xx_HAL_Driver/Src/stm32f7xx_ll_sdmmc.o
 .text.SDMMC_GetCmdResp6
                0x08003308       0xa0 Drivers/STM32F7xx_HAL_Driver/Src/stm32f7xx_ll_sdmmc.o
 .text.SDMMC_ConfigData
                0x080033a8       0x24 Drivers/STM32F7xx_HAL_Driver/Src/stm32f7xx_ll_sdmmc.o
                0x080033a8                SDMMC_ConfigData
 .text.SDMMC_CmdBlockLength
                0x080033cc       0x30 Drivers/STM32F7xx_HAL_Driver/Src/stm32f7xx_ll_sdmmc.o
                0x080033cc                SDMMC_CmdBlockLength
 .text.SDMMC_CmdReadSingleBlock
                0x080033fc       0x30 Drivers/STM32F7xx_HAL_Driver/Src/stm32f7xx_ll_sdmmc.o
                0x080033fc                SDMMC_CmdReadSingleBlock
 .text.SDMMC_CmdReadMultiBlock
                0x0800342c       0x30 Drivers/STM32F7xx_HAL_Driver/Src/stm32f7xx_ll_sdmmc.o
                0x0800342c                SDMMC_CmdReadMultiBlock
 .text.SDMMC_CmdWriteSingleBlock
                0x0800345c       0x30 Drivers/STM32F7xx_HAL_Driver/Src/stm32f7xx_ll_sdmmc.o
                0x0800345c                SDMMC_CmdWriteSingleBlock
 .text.SDMMC_CmdWriteMultiBlock
                0x0800348c       0x30 Drivers/STM32F7xx_HAL_Driver/Src/stm32f7xx_ll_sdmmc.o
                0x0800348c                SDMMC_CmdWriteMultiBlock
 .text.SDMMC_CmdStopTransfer
                0x080034bc       0x34 Drivers/STM32F7xx_HAL_Driver/Src/stm32f7xx_ll_sdmmc.o
                0x080034bc                SDMMC_CmdStopTransfer
 .text.SDMMC_CmdSelDesel
                0x080034f0       0x30 Drivers/STM32F7xx_HAL_Driver/Src/stm32f7xx_ll_sdmmc.o
                0x080034f0                SDMMC_CmdSelDesel
 .text.SDMMC_CmdGoIdleState
                0x08003520       0x26 Drivers/STM32F7xx_HAL_Driver/Src/stm32f7xx_ll_sdmmc.o
                0x08003520                SDMMC_CmdGoIdleState
 .text.SDMMC_CmdOperCond
                0x08003546       0x2e Drivers/STM32F7xx_HAL_Driver/Src/stm32f7xx_ll_sdmmc.o
                0x08003546                SDMMC_CmdOperCond
 .text.SDMMC_CmdAppCommand
                0x08003574       0x30 Drivers/STM32F7xx_HAL_Driver/Src/stm32f7xx_ll_sdmmc.o
                0x08003574                SDMMC_CmdAppCommand
 .text.SDMMC_CmdAppOperCommand
                0x080035a4       0x34 Drivers/STM32F7xx_HAL_Driver/Src/stm32f7xx_ll_sdmmc.o
                0x080035a4                SDMMC_CmdAppOperCommand
 .text.SDMMC_CmdBusWidth
                0x080035d8       0x30 Drivers/STM32F7xx_HAL_Driver/Src/stm32f7xx_ll_sdmmc.o
                0x080035d8                SDMMC_CmdBusWidth
 .text.SDMMC_CmdSendSCR
                0x08003608       0x30 Drivers/STM32F7xx_HAL_Driver/Src/stm32f7xx_ll_sdmmc.o
                0x08003608                SDMMC_CmdSendSCR
 .text.SDMMC_CmdSendCID
                0x08003638       0x2a Drivers/STM32F7xx_HAL_Driver/Src/stm32f7xx_ll_sdmmc.o
                0x08003638                SDMMC_CmdSendCID
 .text.SDMMC_CmdSendCSD
                0x08003662       0x2a Drivers/STM32F7xx_HAL_Driver/Src/stm32f7xx_ll_sdmmc.o
                0x08003662                SDMMC_CmdSendCSD
 .text.SDMMC_CmdSetRelAdd
                0x0800368c       0x30 Drivers/STM32F7xx_HAL_Driver/Src/stm32f7xx_ll_sdmmc.o
                0x0800368c                SDMMC_CmdSetRelAdd
 .text.SDMMC_CmdSendStatus
                0x080036bc       0x30 Drivers/STM32F7xx_HAL_Driver/Src/stm32f7xx_ll_sdmmc.o
                0x080036bc                SDMMC_CmdSendStatus
 .text.USB_CoreReset
                0x080036ec       0x3c Drivers/STM32F7xx_HAL_Driver/Src/stm32f7xx_ll_usb.o
 .text.USB_CoreInit
                0x08003728       0x7c Drivers/STM32F7xx_HAL_Driver/Src/stm32f7xx_ll_usb.o
                0x08003728                USB_CoreInit
 .text.USB_EnableGlobalInt
                0x080037a4        0xc Drivers/STM32F7xx_HAL_Driver/Src/stm32f7xx_ll_usb.o
                0x080037a4                USB_EnableGlobalInt
 .text.USB_DisableGlobalInt
                0x080037b0        0xc Drivers/STM32F7xx_HAL_Driver/Src/stm32f7xx_ll_usb.o
                0x080037b0                USB_DisableGlobalInt
 .text.USB_SetCurrentMode
                0x080037bc       0x2c Drivers/STM32F7xx_HAL_Driver/Src/stm32f7xx_ll_usb.o
                0x080037bc                USB_SetCurrentMode
 .text.USB_FlushTxFifo
                0x080037e8       0x28 Drivers/STM32F7xx_HAL_Driver/Src/stm32f7xx_ll_usb.o
                0x080037e8                USB_FlushTxFifo
 .text.USB_FlushRxFifo
                0x08003810       0x24 Drivers/STM32F7xx_HAL_Driver/Src/stm32f7xx_ll_usb.o
                0x08003810                USB_FlushRxFifo
 .text.USB_SetDevSpeed
                0x08003834        0xe Drivers/STM32F7xx_HAL_Driver/Src/stm32f7xx_ll_usb.o
                0x08003834                USB_SetDevSpeed
 *fill*         0x08003842        0x2 
 .text.USB_DevInit
                0x08003844      0x178 Drivers/STM32F7xx_HAL_Driver/Src/stm32f7xx_ll_usb.o
                0x08003844                USB_DevInit
 .text.USB_GetDevSpeed
                0x080039bc       0x40 Drivers/STM32F7xx_HAL_Driver/Src/stm32f7xx_ll_usb.o
                0x080039bc                USB_GetDevSpeed
 .text.USB_ActivateEndpoint
                0x080039fc       0x90 Drivers/STM32F7xx_HAL_Driver/Src/stm32f7xx_ll_usb.o
                0x080039fc                USB_ActivateEndpoint
 .text.USB_DeactivateEndpoint
                0x08003a8c       0x7e Drivers/STM32F7xx_HAL_Driver/Src/stm32f7xx_ll_usb.o
                0x08003a8c                USB_DeactivateEndpoint
 *fill*         0x08003b0a        0x2 
 .text.USB_EP0StartXfer
                0x08003b0c      0x15c Drivers/STM32F7xx_HAL_Driver/Src/stm32f7xx_ll_usb.o
                0x08003b0c                USB_EP0StartXfer
 .text.USB_WritePacket
                0x08003c68       0x28 Drivers/STM32F7xx_HAL_Driver/Src/stm32f7xx_ll_usb.o
                0x08003c68                USB_WritePacket
 .text.USB_EPStartXfer
                0x08003c90      0x260 Drivers/STM32F7xx_HAL_Driver/Src/stm32f7xx_ll_usb.o
                0x08003c90                USB_EPStartXfer
 .text.USB_ReadPacket
                0x08003ef0       0x28 Drivers/STM32F7xx_HAL_Driver/Src/stm32f7xx_ll_usb.o
                0x08003ef0                USB_ReadPacket
 .text.USB_EPSetStall
                0x08003f18       0x64 Drivers/STM32F7xx_HAL_Driver/Src/stm32f7xx_ll_usb.o
                0x08003f18                USB_EPSetStall
 .text.USB_EPClearStall
                0x08003f7c       0x6a Drivers/STM32F7xx_HAL_Driver/Src/stm32f7xx_ll_usb.o
                0x08003f7c                USB_EPClearStall
 .text.USB_SetDevAddress
                0x08003fe6       0x20 Drivers/STM32F7xx_HAL_Driver/Src/stm32f7xx_ll_usb.o
                0x08003fe6                USB_SetDevAddress
 .text.USB_DevConnect
                0x08004006       0x18 Drivers/STM32F7xx_HAL_Driver/Src/stm32f7xx_ll_usb.o
                0x08004006                USB_DevConnect
 .text.USB_DevDisconnect
                0x0800401e       0x18 Drivers/STM32F7xx_HAL_Driver/Src/stm32f7xx_ll_usb.o
                0x0800401e                USB_DevDisconnect
 .text.USB_ReadInterrupts
                0x08004036        0x8 Drivers/STM32F7xx_HAL_Driver/Src/stm32f7xx_ll_usb.o
                0x08004036                USB_ReadInterrupts
 .text.USB_ReadDevAllOutEpInterrupt
                0x0800403e       0x10 Drivers/STM32F7xx_HAL_Driver/Src/stm32f7xx_ll_usb.o
                0x0800403e                USB_ReadDevAllOutEpInterrupt
 .text.USB_ReadDevAllInEpInterrupt
                0x0800404e       0x10 Drivers/STM32F7xx_HAL_Driver/Src/stm32f7xx_ll_usb.o
                0x0800404e                USB_ReadDevAllInEpInterrupt
 .text.USB_ReadDevOutEPInterrupt
                0x0800405e       0x12 Drivers/STM32F7xx_HAL_Driver/Src/stm32f7xx_ll_usb.o
                0x0800405e                USB_ReadDevOutEPInterrupt
 .text.USB_ReadDevInEPInterrupt
                0x08004070       0x1c Drivers/STM32F7xx_HAL_Driver/Src/stm32f7xx_ll_usb.o
                0x08004070                USB_ReadDevInEPInterrupt
 .text.USB_GetMode
                0x0800408c        0x8 Drivers/STM32F7xx_HAL_Driver/Src/stm32f7xx_ll_usb.o
                0x0800408c                USB_GetMode
 .text.USB_ActivateSetup
                0x08004094       0x38 Drivers/STM32F7xx_HAL_Driver/Src/stm32f7xx_ll_usb.o
                0x08004094                USB_ActivateSetup
 .text.USB_EP0_OutStart
                0x080040cc       0x46 Drivers/STM32F7xx_HAL_Driver/Src/stm32f7xx_ll_usb.o
                0x080040cc                USB_EP0_OutStart
 .text.USBD_CDC_DataIn
                0x08004112       0x12 Middlewares/ST/STM32_USB_Device_Library/Class/CDC/Src/usbd_cdc.o
 .text.USBD_CDC_EP0_RxReady
                0x08004124       0x28 Middlewares/ST/STM32_USB_Device_Library/Class/CDC/Src/usbd_cdc.o
 .text.USBD_CDC_GetFSCfgDesc
                0x0800414c        0xc Middlewares/ST/STM32_USB_Device_Library/Class/CDC/Src/usbd_cdc.o
 .text.USBD_CDC_GetHSCfgDesc
                0x08004158        0xc Middlewares/ST/STM32_USB_Device_Library/Class/CDC/Src/usbd_cdc.o
 .text.USBD_CDC_GetOtherSpeedCfgDesc
                0x08004164        0xc Middlewares/ST/STM32_USB_Device_Library/Class/CDC/Src/usbd_cdc.o
 .text.USBD_CDC_GetDeviceQualifierDescriptor
                0x08004170        0xc Middlewares/ST/STM32_USB_Device_Library/Class/CDC/Src/usbd_cdc.o
                0x08004170                USBD_CDC_GetDeviceQualifierDescriptor
 .text.USBD_CDC_DataOut
                0x0800417c       0x2e Middlewares/ST/STM32_USB_Device_Library/Class/CDC/Src/usbd_cdc.o
 *fill*         0x080041aa        0x2 
 .text.USBD_CDC_Setup
                0x080041ac       0x74 Middlewares/ST/STM32_USB_Device_Library/Class/CDC/Src/usbd_cdc.o
 .text.USBD_CDC_DeInit
                0x08004220       0x3a Middlewares/ST/STM32_USB_Device_Library/Class/CDC/Src/usbd_cdc.o
 .text.USBD_CDC_Init
                0x0800425a       0x96 Middlewares/ST/STM32_USB_Device_Library/Class/CDC/Src/usbd_cdc.o
 .text.USBD_CDC_RegisterInterface
                0x080042f0        0xe Middlewares/ST/STM32_USB_Device_Library/Class/CDC/Src/usbd_cdc.o
                0x080042f0                USBD_CDC_RegisterInterface
 .text.USBD_CDC_SetTxBuffer
                0x080042fe       0x10 Middlewares/ST/STM32_USB_Device_Library/Class/CDC/Src/usbd_cdc.o
                0x080042fe                USBD_CDC_SetTxBuffer
 .text.USBD_CDC_SetRxBuffer
                0x0800430e        0xc Middlewares/ST/STM32_USB_Device_Library/Class/CDC/Src/usbd_cdc.o
                0x0800430e                USBD_CDC_SetRxBuffer
 .text.USBD_CDC_TransmitPacket
                0x0800431a       0x2e Middlewares/ST/STM32_USB_Device_Library/Class/CDC/Src/usbd_cdc.o
                0x0800431a                USBD_CDC_TransmitPacket
 .text.USBD_CDC_ReceivePacket
                0x08004348       0x32 Middlewares/ST/STM32_USB_Device_Library/Class/CDC/Src/usbd_cdc.o
                0x08004348                USBD_CDC_ReceivePacket
 .text.USBD_Init
                0x0800437a       0x2e Middlewares/ST/STM32_USB_Device_Library/Core/Src/usbd_core.o
                0x0800437a                USBD_Init
 .text.USBD_RegisterClass
                0x080043a8        0xe Middlewares/ST/STM32_USB_Device_Library/Core/Src/usbd_core.o
                0x080043a8                USBD_RegisterClass
 .text.USBD_Start
                0x080043b6        0xa Middlewares/ST/STM32_USB_Device_Library/Core/Src/usbd_core.o
                0x080043b6                USBD_Start
 .text.USBD_SetClassConfig
                0x080043c0       0x1a Middlewares/ST/STM32_USB_Device_Library/Core/Src/usbd_core.o
                0x080043c0                USBD_SetClassConfig
 .text.USBD_ClrClassConfig
                0x080043da        0xe Middlewares/ST/STM32_USB_Device_Library/Core/Src/usbd_core.o
                0x080043da                USBD_ClrClassConfig
 .text.USBD_LL_SetupStage
                0x080043e8       0x5a Middlewares/ST/STM32_USB_Device_Library/Core/Src/usbd_core.o
                0x080043e8                USBD_LL_SetupStage
 .text.USBD_LL_DataOutStage
                0x08004442       0x6a Middlewares/ST/STM32_USB_Device_Library/Core/Src/usbd_core.o
                0x08004442                USBD_LL_DataOutStage
 .text.USBD_LL_DataInStage
                0x080044ac       0xb2 Middlewares/ST/STM32_USB_Device_Library/Core/Src/usbd_core.o
                0x080044ac                USBD_LL_DataInStage
 .text.USBD_LL_Reset
                0x0800455e       0x3e Middlewares/ST/STM32_USB_Device_Library/Core/Src/usbd_core.o
                0x0800455e                USBD_LL_Reset
 .text.USBD_LL_SetSpeed
                0x0800459c        0x6 Middlewares/ST/STM32_USB_Device_Library/Core/Src/usbd_core.o
                0x0800459c                USBD_LL_SetSpeed
 .text.USBD_LL_Suspend
                0x080045a2       0x12 Middlewares/ST/STM32_USB_Device_Library/Core/Src/usbd_core.o
                0x080045a2                USBD_LL_Suspend
 .text.USBD_LL_Resume
                0x080045b4        0xc Middlewares/ST/STM32_USB_Device_Library/Core/Src/usbd_core.o
                0x080045b4                USBD_LL_Resume
 .text.USBD_LL_SOF
                0x080045c0       0x1c Middlewares/ST/STM32_USB_Device_Library/Core/Src/usbd_core.o
                0x080045c0                USBD_LL_SOF
 .text.USBD_LL_IsoINIncomplete
                0x080045dc        0x4 Middlewares/ST/STM32_USB_Device_Library/Core/Src/usbd_core.o
                0x080045dc                USBD_LL_IsoINIncomplete
 .text.USBD_LL_IsoOUTIncomplete
                0x080045e0        0x4 Middlewares/ST/STM32_USB_Device_Library/Core/Src/usbd_core.o
                0x080045e0                USBD_LL_IsoOUTIncomplete
 .text.USBD_LL_DevConnected
                0x080045e4        0x4 Middlewares/ST/STM32_USB_Device_Library/Core/Src/usbd_core.o
                0x080045e4                USBD_LL_DevConnected
 .text.USBD_LL_DevDisconnected
                0x080045e8       0x16 Middlewares/ST/STM32_USB_Device_Library/Core/Src/usbd_core.o
                0x080045e8                USBD_LL_DevDisconnected
 .text.USBD_GetLen
                0x080045fe       0x14 Middlewares/ST/STM32_USB_Device_Library/Core/Src/usbd_ctlreq.o
 .text.USBD_SetFeature
                0x08004612       0x20 Middlewares/ST/STM32_USB_Device_Library/Core/Src/usbd_ctlreq.o
 .text.USBD_ParseSetupRequest
                0x08004632       0x28 Middlewares/ST/STM32_USB_Device_Library/Core/Src/usbd_ctlreq.o
                0x08004632                USBD_ParseSetupRequest
 .text.USBD_CtlError
                0x0800465a       0x14 Middlewares/ST/STM32_USB_Device_Library/Core/Src/usbd_ctlreq.o
                0x0800465a                USBD_CtlError
 .text.USBD_GetDescriptor
                0x0800466e      0x132 Middlewares/ST/STM32_USB_Device_Library/Core/Src/usbd_ctlreq.o
 .text.USBD_SetAddress
                0x080047a0       0x4a Middlewares/ST/STM32_USB_Device_Library/Core/Src/usbd_ctlreq.o
 *fill*         0x080047ea        0x2 
 .text.USBD_SetConfig
                0x080047ec       0xa4 Middlewares/ST/STM32_USB_Device_Library/Core/Src/usbd_ctlreq.o
 .text.USBD_GetConfig
                0x08004890       0x3a Middlewares/ST/STM32_USB_Device_Library/Core/Src/usbd_ctlreq.o
 .text.USBD_GetStatus
                0x080048ca       0x2c Middlewares/ST/STM32_USB_Device_Library/Core/Src/usbd_ctlreq.o
 .text.USBD_ClrFeature
                0x080048f6       0x32 Middlewares/ST/STM32_USB_Device_Library/Core/Src/usbd_ctlreq.o
 .text.USBD_StdDevReq
                0x08004928       0x48 Middlewares/ST/STM32_USB_Device_Library/Core/Src/usbd_ctlreq.o
                0x08004928                USBD_StdDevReq
 .text.USBD_StdItfReq
                0x08004970       0x38 Middlewares/ST/STM32_USB_Device_Library/Core/Src/usbd_ctlreq.o
                0x08004970                USBD_StdItfReq
 .text.USBD_StdEPReq
                0x080049a8      0x11c Middlewares/ST/STM32_USB_Device_Library/Core/Src/usbd_ctlreq.o
                0x080049a8                USBD_StdEPReq
 .text.USBD_GetString
                0x08004ac4       0x3a Middlewares/ST/STM32_USB_Device_Library/Core/Src/usbd_ctlreq.o
                0x08004ac4                USBD_GetString
 .text.USBD_CtlSendData
                0x08004afe       0x1a Middlewares/ST/STM32_USB_Device_Library/Core/Src/usbd_ioreq.o
                0x08004afe                USBD_CtlSendData
 .text.USBD_CtlContinueSendData
                0x08004b18       0x10 Middlewares/ST/STM32_USB_Device_Library/Core/Src/usbd_ioreq.o
                0x08004b18                USBD_CtlContinueSendData
 .text.USBD_CtlPrepareRx
                0x08004b28       0x1e Middlewares/ST/STM32_USB_Device_Library/Core/Src/usbd_ioreq.o
                0x08004b28                USBD_CtlPrepareRx
 .text.USBD_CtlContinueRx
                0x08004b46       0x10 Middlewares/ST/STM32_USB_Device_Library/Core/Src/usbd_ioreq.o
                0x08004b46                USBD_CtlContinueRx
 .text.USBD_CtlSendStatus
                0x08004b56       0x16 Middlewares/ST/STM32_USB_Device_Library/Core/Src/usbd_ioreq.o
                0x08004b56                USBD_CtlSendStatus
 .text.USBD_CtlReceiveStatus
                0x08004b6c       0x16 Middlewares/ST/STM32_USB_Device_Library/Core/Src/usbd_ioreq.o
                0x08004b6c                USBD_CtlReceiveStatus
 *fill*         0x08004b82        0x2 
 .text.disk_status
                0x08004b84       0x18 Middlewares/Third_Party/FatFs/src/diskio.o
                0x08004b84                disk_status
 .text.disk_initialize
                0x08004b9c       0x28 Middlewares/Third_Party/FatFs/src/diskio.o
                0x08004b9c                disk_initialize
 .text.disk_read
                0x08004bc4       0x18 Middlewares/Third_Party/FatFs/src/diskio.o
                0x08004bc4                disk_read
 .text.disk_write
                0x08004bdc       0x18 Middlewares/Third_Party/FatFs/src/diskio.o
                0x08004bdc                disk_write
 .text.disk_ioctl
                0x08004bf4       0x18 Middlewares/Third_Party/FatFs/src/diskio.o
                0x08004bf4                disk_ioctl
 .text.ld_word  0x08004c0c        0xa Middlewares/Third_Party/FatFs/src/ff.o
 .text.ld_dword
                0x08004c16       0x16 Middlewares/Third_Party/FatFs/src/ff.o
 .text.st_word  0x08004c2c        0x8 Middlewares/Third_Party/FatFs/src/ff.o
 .text.st_dword
                0x08004c34       0x14 Middlewares/Third_Party/FatFs/src/ff.o
 .text.mem_cpy  0x08004c48       0x12 Middlewares/Third_Party/FatFs/src/ff.o
 .text.mem_set  0x08004c5a        0xa Middlewares/Third_Party/FatFs/src/ff.o
 .text.mem_cmp  0x08004c64       0x1e Middlewares/Third_Party/FatFs/src/ff.o
 .text.chk_chr  0x08004c82       0x10 Middlewares/Third_Party/FatFs/src/ff.o
 *fill*         0x08004c92        0x2 
 .text.chk_lock
                0x08004c94       0x74 Middlewares/Third_Party/FatFs/src/ff.o
 .text.enq_lock
                0x08004d08       0x20 Middlewares/Third_Party/FatFs/src/ff.o
 .text.inc_lock
                0x08004d28       0xa4 Middlewares/Third_Party/FatFs/src/ff.o
 .text.dec_lock
                0x08004dcc       0x40 Middlewares/Third_Party/FatFs/src/ff.o
 .text.clear_lock
                0x08004e0c       0x3c Middlewares/Third_Party/FatFs/src/ff.o
 .text.clust2sect
                0x08004e48       0x18 Middlewares/Third_Party/FatFs/src/ff.o
 .text.clmt_clust
                0x08004e60       0x22 Middlewares/Third_Party/FatFs/src/ff.o
 .text.ld_clust
                0x08004e82       0x26 Middlewares/Third_Party/FatFs/src/ff.o
 .text.st_clust
                0x08004ea8       0x26 Middlewares/Third_Party/FatFs/src/ff.o
 *fill*         0x08004ece        0x2 
 .text.create_name
                0x08004ed0       0xdc Middlewares/Third_Party/FatFs/src/ff.o
 .text.get_ldnumber
                0x08004fac       0x4e Middlewares/Third_Party/FatFs/src/ff.o
 .text.validate
                0x08004ffa       0x34 Middlewares/Third_Party/FatFs/src/ff.o
 .text.sync_window
                0x0800502e       0x54 Middlewares/Third_Party/FatFs/src/ff.o
 .text.move_window
                0x08005082       0x36 Middlewares/Third_Party/FatFs/src/ff.o
 .text.check_fs
                0x080050b8       0x7c Middlewares/Third_Party/FatFs/src/ff.o
 .text.find_volume
                0x08005134      0x2d4 Middlewares/Third_Party/FatFs/src/ff.o
 .text.put_fat  0x08005408      0x10a Middlewares/Third_Party/FatFs/src/ff.o
 .text.get_fat  0x08005512       0xce Middlewares/Third_Party/FatFs/src/ff.o
 .text.dir_sdi  0x080055e0       0xb0 Middlewares/Third_Party/FatFs/src/ff.o
 .text.create_chain
                0x08005690       0xcc Middlewares/Third_Party/FatFs/src/ff.o
 .text.remove_chain
                0x0800575c       0x7e Middlewares/Third_Party/FatFs/src/ff.o
 .text.dir_next
                0x080057da      0x11e Middlewares/Third_Party/FatFs/src/ff.o
 .text.dir_find
                0x080058f8       0x5a Middlewares/Third_Party/FatFs/src/ff.o
 .text.follow_path
                0x08005952       0x8c Middlewares/Third_Party/FatFs/src/ff.o
 .text.dir_alloc
                0x080059de       0x4e Middlewares/Third_Party/FatFs/src/ff.o
 .text.dir_register
                0x08005a2c       0x3e Middlewares/Third_Party/FatFs/src/ff.o
 *fill*         0x08005a6a        0x2 
 .text.sync_fs  0x08005a6c       0x8c Middlewares/Third_Party/FatFs/src/ff.o
 .text.f_mount  0x08005af8       0x6c Middlewares/Third_Party/FatFs/src/ff.o
                0x08005af8                f_mount
 .text.f_open   0x08005b64      0x23a Middlewares/Third_Party/FatFs/src/ff.o
                0x08005b64                f_open
 .text.f_write  0x08005d9e      0x1c0 Middlewares/Third_Party/FatFs/src/ff.o
                0x08005d9e                f_write
 .text.f_sync   0x08005f5e       0xa0 Middlewares/Third_Party/FatFs/src/ff.o
                0x08005f5e                f_sync
 .text.f_close  0x08005ffe       0x34 Middlewares/Third_Party/FatFs/src/ff.o
                0x08005ffe                f_close
 *fill*         0x08006032        0x2 
 .text.FATFS_LinkDriverEx
                0x08006034       0x48 Middlewares/Third_Party/FatFs/src/ff_gen_drv.o
                0x08006034                FATFS_LinkDriverEx
 .text.FATFS_LinkDriver
                0x0800607c        0xa Middlewares/Third_Party/FatFs/src/ff_gen_drv.o
                0x0800607c                FATFS_LinkDriver
 *fill*         0x08006086        0x2 
 .text.BSP_SD_ReadBlocks
                0x08006088       0x20 Src/bsp_driver_sd.o
                0x08006088                BSP_SD_ReadBlocks
 .text.BSP_SD_WriteBlocks
                0x080060a8       0x20 Src/bsp_driver_sd.o
                0x080060a8                BSP_SD_WriteBlocks
 .text.BSP_SD_GetCardState
                0x080060c8       0x14 Src/bsp_driver_sd.o
                0x080060c8                BSP_SD_GetCardState
 .text.BSP_SD_GetCardInfo
                0x080060dc       0x10 Src/bsp_driver_sd.o
                0x080060dc                BSP_SD_GetCardInfo
 .text.BSP_SD_IsDetected
                0x080060ec       0x10 Src/bsp_driver_sd.o
                0x080060ec                BSP_SD_IsDetected
 .text.BSP_SD_Init
                0x080060fc       0x34 Src/bsp_driver_sd.o
                0x080060fc                BSP_SD_Init
 .text.get_fattime
                0x08006130        0x4 Src/fatfs.o
                0x08006130                get_fattime
 .text.MX_SDMMC2_SD_Init
                0x08006134       0x20 Src/main.o
 .text.MX_GPIO_Init
                0x08006154      0x520 Src/main.o
 .text.MX_DMA_Init
                0x08006674       0x34 Src/main.o
 .text._Error_Handler
                0x080066a8        0x2 Src/main.o
                0x080066a8                _Error_Handler
 *fill*         0x080066aa        0x2 
 .text.MX_SPI2_Init
                0x080066ac       0x50 Src/main.o
 .text.SystemClock_Config
                0x080066fc      0x104 Src/main.o
                0x080066fc                SystemClock_Config
 .text.main     0x08006800       0x30 Src/main.o
                0x08006800                main
 .text.SD_CheckStatus
                0x08006830       0x24 Src/sd_diskio.o
 .text.SD_initialize
                0x08006854       0x28 Src/sd_diskio.o
                0x08006854                SD_initialize
 .text.SD_status
                0x0800687c        0x8 Src/sd_diskio.o
                0x0800687c                SD_status
 .text.SD_read  0x08006884       0x20 Src/sd_diskio.o
                0x08006884                SD_read
 .text.SD_write
                0x080068a4       0x20 Src/sd_diskio.o
                0x080068a4                SD_write
 .text.SD_ioctl
                0x080068c4       0x5c Src/sd_diskio.o
                0x080068c4                SD_ioctl
 .text.HAL_MspInit
                0x08006920       0x5e Src/stm32f7xx_hal_msp.o
                0x08006920                HAL_MspInit
 *fill*         0x0800697e        0x2 
 .text.HAL_SD_MspInit
                0x08006980       0x80 Src/stm32f7xx_hal_msp.o
                0x08006980                HAL_SD_MspInit
 .text.HAL_SPI_MspInit
                0x08006a00       0xe0 Src/stm32f7xx_hal_msp.o
                0x08006a00                HAL_SPI_MspInit
 .text.SysTick_Handler
                0x08006ae0        0xc Src/stm32f7xx_it.o
                0x08006ae0                SysTick_Handler
 .text.DMA1_Stream1_IRQHandler
                0x08006aec       0x10 Src/stm32f7xx_it.o
                0x08006aec                DMA1_Stream1_IRQHandler
 .text.OTG_HS_IRQHandler
                0x08006afc       0x10 Src/stm32f7xx_it.o
                0x08006afc                OTG_HS_IRQHandler
 .text.SystemInit
                0x08006b0c       0x50 Src/system_stm32f7xx.o
                0x08006b0c                SystemInit
 .text.MX_USB_DEVICE_Init
                0x08006b5c       0x38 Src/usb_device.o
                0x08006b5c                MX_USB_DEVICE_Init
 .text.CDC_DeInit_HS
                0x08006b94        0x4 Src/usbd_cdc_if.o
 .text.CDC_Control_HS
                0x08006b98        0x4 Src/usbd_cdc_if.o
 .text.CDC_Init_HS
                0x08006b9c       0x28 Src/usbd_cdc_if.o
 .text.CDC_Transmit_HS
                0x08006bc4       0x2c Src/usbd_cdc_if.o
                0x08006bc4                CDC_Transmit_HS
 .text.CDC_Receive_HS
                0x08006bf0       0x40 Src/usbd_cdc_if.o
 .text.HAL_PCD_MspInit
                0x08006c30       0xd4 Src/usbd_conf.o
                0x08006c30                HAL_PCD_MspInit
 .text.HAL_PCD_SetupStageCallback
                0x08006d04       0x10 Src/usbd_conf.o
                0x08006d04                HAL_PCD_SetupStageCallback
 .text.HAL_PCD_DataOutStageCallback
                0x08006d14       0x18 Src/usbd_conf.o
                0x08006d14                HAL_PCD_DataOutStageCallback
 .text.HAL_PCD_DataInStageCallback
                0x08006d2c       0x16 Src/usbd_conf.o
                0x08006d2c                HAL_PCD_DataInStageCallback
 .text.HAL_PCD_SOFCallback
                0x08006d42        0xc Src/usbd_conf.o
                0x08006d42                HAL_PCD_SOFCallback
 .text.HAL_PCD_ResetCallback
                0x08006d4e       0x20 Src/usbd_conf.o
                0x08006d4e                HAL_PCD_ResetCallback
 *fill*         0x08006d6e        0x2 
 .text.HAL_PCD_SuspendCallback
                0x08006d70       0x30 Src/usbd_conf.o
                0x08006d70                HAL_PCD_SuspendCallback
 .text.HAL_PCD_ResumeCallback
                0x08006da0        0xc Src/usbd_conf.o
                0x08006da0                HAL_PCD_ResumeCallback
 .text.HAL_PCD_ISOOUTIncompleteCallback
                0x08006dac        0xc Src/usbd_conf.o
                0x08006dac                HAL_PCD_ISOOUTIncompleteCallback
 .text.HAL_PCD_ISOINIncompleteCallback
                0x08006db8        0xc Src/usbd_conf.o
                0x08006db8                HAL_PCD_ISOINIncompleteCallback
 .text.HAL_PCD_ConnectCallback
                0x08006dc4        0xc Src/usbd_conf.o
                0x08006dc4                HAL_PCD_ConnectCallback
 .text.HAL_PCD_DisconnectCallback
                0x08006dd0        0xc Src/usbd_conf.o
                0x08006dd0                HAL_PCD_DisconnectCallback
 .text.USBD_LL_Init
                0x08006ddc       0x7c Src/usbd_conf.o
                0x08006ddc                USBD_LL_Init
 .text.USBD_LL_Start
                0x08006e58       0x1c Src/usbd_conf.o
                0x08006e58                USBD_LL_Start
 .text.USBD_LL_OpenEP
                0x08006e74       0x22 Src/usbd_conf.o
                0x08006e74                USBD_LL_OpenEP
 .text.USBD_LL_CloseEP
                0x08006e96       0x1c Src/usbd_conf.o
                0x08006e96                USBD_LL_CloseEP
 .text.USBD_LL_StallEP
                0x08006eb2       0x1c Src/usbd_conf.o
                0x08006eb2                USBD_LL_StallEP
 .text.USBD_LL_ClearStallEP
                0x08006ece       0x1c Src/usbd_conf.o
                0x08006ece                USBD_LL_ClearStallEP
 .text.USBD_LL_IsStallEP
                0x08006eea       0x2e Src/usbd_conf.o
                0x08006eea                USBD_LL_IsStallEP
 .text.USBD_LL_SetUSBAddress
                0x08006f18       0x1c Src/usbd_conf.o
                0x08006f18                USBD_LL_SetUSBAddress
 .text.USBD_LL_Transmit
                0x08006f34       0x1c Src/usbd_conf.o
                0x08006f34                USBD_LL_Transmit
 .text.USBD_LL_PrepareReceive
                0x08006f50       0x1c Src/usbd_conf.o
                0x08006f50                USBD_LL_PrepareReceive
 .text.USBD_LL_GetRxDataSize
                0x08006f6c        0xc Src/usbd_conf.o
                0x08006f6c                USBD_LL_GetRxDataSize
 .text.USBD_HS_DeviceDescriptor
                0x08006f78        0xc Src/usbd_desc.o
                0x08006f78                USBD_HS_DeviceDescriptor
 .text.USBD_HS_LangIDStrDescriptor
                0x08006f84        0xc Src/usbd_desc.o
                0x08006f84                USBD_HS_LangIDStrDescriptor
 .text.USBD_HS_ProductStrDescriptor
                0x08006f90       0x24 Src/usbd_desc.o
                0x08006f90                USBD_HS_ProductStrDescriptor
 .text.USBD_HS_ManufacturerStrDescriptor
                0x08006fb4       0x1c Src/usbd_desc.o
                0x08006fb4                USBD_HS_ManufacturerStrDescriptor
 .text.USBD_HS_SerialStrDescriptor
                0x08006fd0       0x24 Src/usbd_desc.o
                0x08006fd0                USBD_HS_SerialStrDescriptor
 .text.USBD_HS_ConfigStrDescriptor
                0x08006ff4       0x24 Src/usbd_desc.o
                0x08006ff4                USBD_HS_ConfigStrDescriptor
 .text.USBD_HS_InterfaceStrDescriptor
                0x08007018       0x24 Src/usbd_desc.o
                0x08007018                USBD_HS_InterfaceStrDescriptor
 .text.VCP_command
                0x0800703c       0xe8 application/VCP_interface.o
                0x0800703c                VCP_command
 .text.VCP_main_menu
                0x08007124       0x20 application/VCP_interface.o
                0x08007124                VCP_main_menu
 .text.main_app
                0x08007144        0x8 application/app.o
                0x08007144                main_app
 .text.initialize_SPI
                0x0800714c       0x10 application/app.o
                0x0800714c                initialize_SPI
 .text.initialize
                0x0800715c       0x50 application/app.o
                0x0800715c                initialize
 .text.SPI_recieve_app
                0x080071ac       0x18 application/app.o
                0x080071ac                SPI_recieve_app
 .text.start_recording
                0x080071c4       0x16 application/app.o
                0x080071c4                start_recording
 .text.end_recording
                0x080071da        0x8 application/app.o
                0x080071da                end_recording
 .text.get_status
                0x080071e2        0x2 application/app.o
                0x080071e2                get_status
 .text.hardware_check
                0x080071e4        0x2 application/app.o
                0x080071e4                hardware_check
 *fill*         0x080071e6        0x2 
 .text.store_packet
                0x080071e8       0x58 application/app_storage.o
                0x080071e8                store_packet
 .text.initialize_storage
                0x08007240       0xdc application/app_storage.o
                0x08007240                initialize_storage
 .text.close_storage
                0x0800731c       0x38 application/app_storage.o
                0x0800731c                close_storage
 .text.Reset_Handler
                0x08007354       0x50 startup/startup_stm32f769xx.o
                0x08007354                Reset_Handler
 .text.Default_Handler
                0x080073a4        0x2 startup/startup_stm32f769xx.o
                0x080073a4                RTC_Alarm_IRQHandler
                0x080073a4                EXTI2_IRQHandler
                0x080073a4                TIM8_CC_IRQHandler
                0x080073a4                DebugMon_Handler
                0x080073a4                UART8_IRQHandler
                0x080073a4                SPI4_IRQHandler
                0x080073a4                TIM1_CC_IRQHandler
                0x080073a4                DMA2_Stream5_IRQHandler
                0x080073a4                HardFault_Handler
                0x080073a4                JPEG_IRQHandler
                0x080073a4                DMA1_Stream5_IRQHandler
                0x080073a4                CAN3_RX1_IRQHandler
                0x080073a4                PVD_IRQHandler
                0x080073a4                TAMP_STAMP_IRQHandler
                0x080073a4                PendSV_Handler
                0x080073a4                NMI_Handler
                0x080073a4                CAN2_RX1_IRQHandler
                0x080073a4                EXTI3_IRQHandler
                0x080073a4                TIM8_TRG_COM_TIM14_IRQHandler
                0x080073a4                DFSDM1_FLT1_IRQHandler
                0x080073a4                TIM1_UP_TIM10_IRQHandler
                0x080073a4                TIM8_UP_TIM13_IRQHandler
                0x080073a4                I2C3_ER_IRQHandler
                0x080073a4                DFSDM1_FLT2_IRQHandler
                0x080073a4                EXTI0_IRQHandler
                0x080073a4                I2C2_EV_IRQHandler
                0x080073a4                DMA1_Stream2_IRQHandler
                0x080073a4                CAN1_RX0_IRQHandler
                0x080073a4                FPU_IRQHandler
                0x080073a4                OTG_HS_WKUP_IRQHandler
                0x080073a4                CAN3_SCE_IRQHandler
                0x080073a4                UsageFault_Handler
                0x080073a4                LTDC_ER_IRQHandler
                0x080073a4                CAN2_SCE_IRQHandler
                0x080073a4                DMA2_Stream2_IRQHandler
                0x080073a4                SPI1_IRQHandler
                0x080073a4                TIM6_DAC_IRQHandler
                0x080073a4                TIM1_BRK_TIM9_IRQHandler
                0x080073a4                DCMI_IRQHandler
                0x080073a4                CAN2_RX0_IRQHandler
                0x080073a4                DMA2_Stream3_IRQHandler
                0x080073a4                SAI2_IRQHandler
                0x080073a4                DFSDM1_FLT3_IRQHandler
                0x080073a4                USART6_IRQHandler
                0x080073a4                CAN3_RX0_IRQHandler
                0x080073a4                USART3_IRQHandler
                0x080073a4                CAN1_RX1_IRQHandler
                0x080073a4                UART5_IRQHandler
                0x080073a4                DMA2_Stream0_IRQHandler
                0x080073a4                TIM4_IRQHandler
                0x080073a4                QUADSPI_IRQHandler
                0x080073a4                I2C1_EV_IRQHandler
                0x080073a4                DMA1_Stream6_IRQHandler
                0x080073a4                UART4_IRQHandler
                0x080073a4                TIM3_IRQHandler
                0x080073a4                RCC_IRQHandler
                0x080073a4                TIM8_BRK_TIM12_IRQHandler
                0x080073a4                Default_Handler
                0x080073a4                CEC_IRQHandler
                0x080073a4                EXTI15_10_IRQHandler
                0x080073a4                ADC_IRQHandler
                0x080073a4                DMA1_Stream7_IRQHandler
                0x080073a4                SPI5_IRQHandler
                0x080073a4                TIM7_IRQHandler
                0x080073a4                SDMMC1_IRQHandler
                0x080073a4                CAN2_TX_IRQHandler
                0x080073a4                TIM5_IRQHandler
                0x080073a4                DMA2_Stream7_IRQHandler
                0x080073a4                I2C3_EV_IRQHandler
                0x080073a4                EXTI9_5_IRQHandler
                0x080073a4                RTC_WKUP_IRQHandler
                0x080073a4                LTDC_IRQHandler
                0x080073a4                ETH_WKUP_IRQHandler
                0x080073a4                SPDIF_RX_IRQHandler
                0x080073a4                SPI2_IRQHandler
                0x080073a4                OTG_HS_EP1_IN_IRQHandler
                0x080073a4                MemManage_Handler
                0x080073a4                DMA1_Stream0_IRQHandler
                0x080073a4                CAN1_TX_IRQHandler
                0x080073a4                SVC_Handler
                0x080073a4                EXTI4_IRQHandler
                0x080073a4                RNG_IRQHandler
                0x080073a4                DSI_IRQHandler
                0x080073a4                ETH_IRQHandler
                0x080073a4                OTG_HS_EP1_OUT_IRQHandler
                0x080073a4                WWDG_IRQHandler
                0x080073a4                SPI6_IRQHandler
                0x080073a4                MDIOS_IRQHandler
                0x080073a4                I2C4_EV_IRQHandler
                0x080073a4                CAN3_TX_IRQHandler
                0x080073a4                TIM2_IRQHandler
                0x080073a4                OTG_FS_WKUP_IRQHandler
                0x080073a4                TIM1_TRG_COM_TIM11_IRQHandler
                0x080073a4                DMA2D_IRQHandler
                0x080073a4                EXTI1_IRQHandler
                0x080073a4                SDMMC2_IRQHandler
                0x080073a4                UART7_IRQHandler
                0x080073a4                USART2_IRQHandler
                0x080073a4                DFSDM1_FLT0_IRQHandler
                0x080073a4                I2C2_ER_IRQHandler
                0x080073a4                DMA2_Stream1_IRQHandler
                0x080073a4                CAN1_SCE_IRQHandler
                0x080073a4                FLASH_IRQHandler
                0x080073a4                DMA2_Stream4_IRQHandler
                0x080073a4                BusFault_Handler
                0x080073a4                USART1_IRQHandler
                0x080073a4                OTG_FS_IRQHandler
                0x080073a4                SPI3_IRQHandler
                0x080073a4                DMA1_Stream4_IRQHandler
                0x080073a4                I2C1_ER_IRQHandler
                0x080073a4                FMC_IRQHandler
                0x080073a4                LPTIM1_IRQHandler
                0x080073a4                I2C4_ER_IRQHandler
                0x080073a4                DMA2_Stream6_IRQHandler
                0x080073a4                SAI1_IRQHandler
                0x080073a4                DMA1_Stream3_IRQHandler
 *fill*         0x080073a6        0x2 
 .text.__libc_init_array
                0x080073a8       0x48 c:/ac6/systemworkbench/plugins/fr.ac6.mcu.externaltools.arm-none.win32_1.15.0.201708311556/tools/compiler/bin/../lib/gcc/arm-none-eabi/6.3.1/../../../../arm-none-eabi/lib/thumb/v7e-m/fpv5/hard\libc_nano.a(lib_a-init.o)
                0x080073a8                __libc_init_array
 .text.malloc   0x080073f0       0x10 c:/ac6/systemworkbench/plugins/fr.ac6.mcu.externaltools.arm-none.win32_1.15.0.201708311556/tools/compiler/bin/../lib/gcc/arm-none-eabi/6.3.1/../../../../arm-none-eabi/lib/thumb/v7e-m/fpv5/hard\libc_nano.a(lib_a-malloc.o)
                0x080073f0                malloc
 .text.free     0x08007400       0x10 c:/ac6/systemworkbench/plugins/fr.ac6.mcu.externaltools.arm-none.win32_1.15.0.201708311556/tools/compiler/bin/../lib/gcc/arm-none-eabi/6.3.1/../../../../arm-none-eabi/lib/thumb/v7e-m/fpv5/hard\libc_nano.a(lib_a-malloc.o)
                0x08007400                free
 .text.memcpy   0x08007410       0x16 c:/ac6/systemworkbench/plugins/fr.ac6.mcu.externaltools.arm-none.win32_1.15.0.201708311556/tools/compiler/bin/../lib/gcc/arm-none-eabi/6.3.1/../../../../arm-none-eabi/lib/thumb/v7e-m/fpv5/hard\libc_nano.a(lib_a-memcpy-stub.o)
                0x08007410                memcpy
 .text.memset   0x08007426       0x10 c:/ac6/systemworkbench/plugins/fr.ac6.mcu.externaltools.arm-none.win32_1.15.0.201708311556/tools/compiler/bin/../lib/gcc/arm-none-eabi/6.3.1/../../../../arm-none-eabi/lib/thumb/v7e-m/fpv5/hard\libc_nano.a(lib_a-memset.o)
                0x08007426                memset
 *fill*         0x08007436        0x2 
 .text._free_r  0x08007438       0x9c c:/ac6/systemworkbench/plugins/fr.ac6.mcu.externaltools.arm-none.win32_1.15.0.201708311556/tools/compiler/bin/../lib/gcc/arm-none-eabi/6.3.1/../../../../arm-none-eabi/lib/thumb/v7e-m/fpv5/hard\libc_nano.a(lib_a-nano-freer.o)
                0x08007438                _free_r
 .text._malloc_r
                0x080074d4       0xbc c:/ac6/systemworkbench/plugins/fr.ac6.mcu.externaltools.arm-none.win32_1.15.0.201708311556/tools/compiler/bin/../lib/gcc/arm-none-eabi/6.3.1/../../../../arm-none-eabi/lib/thumb/v7e-m/fpv5/hard\libc_nano.a(lib_a-nano-mallocr.o)
                0x080074d4                _malloc_r
 .text._sbrk_r  0x08007590       0x20 c:/ac6/systemworkbench/plugins/fr.ac6.mcu.externaltools.arm-none.win32_1.15.0.201708311556/tools/compiler/bin/../lib/gcc/arm-none-eabi/6.3.1/../../../../arm-none-eabi/lib/thumb/v7e-m/fpv5/hard\libc_nano.a(lib_a-sbrkr.o)
                0x08007590                _sbrk_r
 .text.__malloc_lock
                0x080075b0        0x2 c:/ac6/systemworkbench/plugins/fr.ac6.mcu.externaltools.arm-none.win32_1.15.0.201708311556/tools/compiler/bin/../lib/gcc/arm-none-eabi/6.3.1/../../../../arm-none-eabi/lib/thumb/v7e-m/fpv5/hard\libc_nano.a(lib_a-mlock.o)
                0x080075b0                __malloc_lock
 .text.__malloc_unlock
                0x080075b2        0x2 c:/ac6/systemworkbench/plugins/fr.ac6.mcu.externaltools.arm-none.win32_1.15.0.201708311556/tools/compiler/bin/../lib/gcc/arm-none-eabi/6.3.1/../../../../arm-none-eabi/lib/thumb/v7e-m/fpv5/hard\libc_nano.a(lib_a-mlock.o)
                0x080075b2                __malloc_unlock
 .text._sbrk    0x080075b4       0x1c c:/ac6/systemworkbench/plugins/fr.ac6.mcu.externaltools.arm-none.win32_1.15.0.201708311556/tools/compiler/bin/../lib/gcc/arm-none-eabi/6.3.1/../../../../arm-none-eabi/lib/thumb/v7e-m/fpv5/hard\libnosys.a(sbrk.o)
                0x080075b4                _sbrk
 *(.glue_7)
 .glue_7        0x080075d0        0x0 linker stubs
 *(.glue_7t)
 .glue_7t       0x080075d0        0x0 linker stubs
 *(.eh_frame)
 .eh_frame      0x080075d0        0x0 c:/ac6/systemworkbench/plugins/fr.ac6.mcu.externaltools.arm-none.win32_1.15.0.201708311556/tools/compiler/bin/../lib/gcc/arm-none-eabi/6.3.1/thumb/v7e-m/fpv5/hard/crtbegin.o
 *(.init)
 .init          0x080075d0        0x4 c:/ac6/systemworkbench/plugins/fr.ac6.mcu.externaltools.arm-none.win32_1.15.0.201708311556/tools/compiler/bin/../lib/gcc/arm-none-eabi/6.3.1/thumb/v7e-m/fpv5/hard/crti.o
                0x080075d0                _init
 .init          0x080075d4        0x8 c:/ac6/systemworkbench/plugins/fr.ac6.mcu.externaltools.arm-none.win32_1.15.0.201708311556/tools/compiler/bin/../lib/gcc/arm-none-eabi/6.3.1/thumb/v7e-m/fpv5/hard/crtn.o
 *(.fini)
 .fini          0x080075dc        0x4 c:/ac6/systemworkbench/plugins/fr.ac6.mcu.externaltools.arm-none.win32_1.15.0.201708311556/tools/compiler/bin/../lib/gcc/arm-none-eabi/6.3.1/thumb/v7e-m/fpv5/hard/crti.o
                0x080075dc                _fini
 .fini          0x080075e0        0x8 c:/ac6/systemworkbench/plugins/fr.ac6.mcu.externaltools.arm-none.win32_1.15.0.201708311556/tools/compiler/bin/../lib/gcc/arm-none-eabi/6.3.1/thumb/v7e-m/fpv5/hard/crtn.o
                0x080075e8                . = ALIGN (0x4)
                0x080075e8                _etext = .

.vfp11_veneer   0x080075e8        0x0
 .vfp11_veneer  0x080075e8        0x0 linker stubs

.v4_bx          0x080075e8        0x0
 .v4_bx         0x080075e8        0x0 linker stubs

.iplt           0x080075e8        0x0
 .iplt          0x080075e8        0x0 c:/ac6/systemworkbench/plugins/fr.ac6.mcu.externaltools.arm-none.win32_1.15.0.201708311556/tools/compiler/bin/../lib/gcc/arm-none-eabi/6.3.1/thumb/v7e-m/fpv5/hard/crtbegin.o

.rodata         0x080075e8      0x2f0
                0x080075e8                . = ALIGN (0x4)
 *(.rodata)
 .rodata        0x080075e8        0x8 Drivers/STM32F7xx_HAL_Driver/Src/stm32f7xx_hal_dma.o
 .rodata        0x080075f0       0x9e Middlewares/Third_Party/FatFs/src/ff.o
 *fill*         0x0800768e        0x2 
 .rodata        0x08007690       0x14 Src/sd_diskio.o
                0x08007690                SD_Driver
 .rodata        0x080076a4       0x18 Src/system_stm32f7xx.o
                0x080076a4                AHBPrescTable
                0x080076b4                APBPrescTable
 *(.rodata*)
 .rodata.str1.4
                0x080076bc       0x44 Middlewares/Third_Party/FatFs/src/ff.o
 .rodata.str1.4
                0x08007700        0xe Src/main.o
 *fill*         0x0800770e        0x2 
 .rodata.str1.4
                0x08007710       0x1b Src/stm32f7xx_hal_msp.o
 *fill*         0x0800772b        0x1 
 .rodata.str1.4
                0x0800772c       0x13 Src/usbd_conf.o
 *fill*         0x0800773f        0x1 
 .rodata.str1.4
                0x08007740       0x56 Src/usbd_desc.o
 *fill*         0x08007796        0x2 
 .rodata.str1.4
                0x08007798      0x11e application/VCP_interface.o
 *fill*         0x080078b6        0x2 
 .rodata.str1.4
                0x080078b8       0x20 application/app_storage.o
                0x080078d8                . = ALIGN (0x4)

.ARM.extab
 *(.ARM.extab* .gnu.linkonce.armextab.*)

.ARM            0x080078d8        0x8
                0x080078d8                __exidx_start = .
 *(.ARM.exidx*)
 .ARM.exidx     0x080078d8        0x8 c:/ac6/systemworkbench/plugins/fr.ac6.mcu.externaltools.arm-none.win32_1.15.0.201708311556/tools/compiler/bin/../lib/gcc/arm-none-eabi/6.3.1/thumb/v7e-m/fpv5/hard\libgcc.a(_udivmoddi4.o)
                0x080078e0                __exidx_end = .

.rel.dyn        0x080078e0        0x0
 .rel.iplt      0x080078e0        0x0 c:/ac6/systemworkbench/plugins/fr.ac6.mcu.externaltools.arm-none.win32_1.15.0.201708311556/tools/compiler/bin/../lib/gcc/arm-none-eabi/6.3.1/thumb/v7e-m/fpv5/hard/crtbegin.o

.preinit_array  0x080078e0        0x0
                0x080078e0                PROVIDE (__preinit_array_start, .)
 *(.preinit_array*)
                0x080078e0                PROVIDE (__preinit_array_end, .)

.init_array     0x080078e0        0x4
                0x080078e0                PROVIDE (__init_array_start, .)
 *(SORT(.init_array.*))
 *(.init_array*)
 .init_array    0x080078e0        0x4 c:/ac6/systemworkbench/plugins/fr.ac6.mcu.externaltools.arm-none.win32_1.15.0.201708311556/tools/compiler/bin/../lib/gcc/arm-none-eabi/6.3.1/thumb/v7e-m/fpv5/hard/crtbegin.o
                0x080078e4                PROVIDE (__init_array_end, .)

.fini_array     0x080078e4        0x4
                [!provide]                PROVIDE (__fini_array_start, .)
 *(SORT(.fini_array.*))
 *(.fini_array*)
 .fini_array    0x080078e4        0x4 c:/ac6/systemworkbench/plugins/fr.ac6.mcu.externaltools.arm-none.win32_1.15.0.201708311556/tools/compiler/bin/../lib/gcc/arm-none-eabi/6.3.1/thumb/v7e-m/fpv5/hard/crtbegin.o
                [!provide]                PROVIDE (__fini_array_end, .)
                0x080078e8                _sidata = LOADADDR (.data)

.data           0x20000000      0x264 load address 0x080078e8
                0x20000000                . = ALIGN (0x4)
                0x20000000                _sdata = .
 *(.data)
 .data          0x20000000        0x8 Drivers/STM32F7xx_HAL_Driver/Src/stm32f7xx_hal.o
                0x20000000                uwTickFreq
                0x20000004                uwTickPrio
 .data          0x20000008      0x110 Middlewares/ST/STM32_USB_Device_Library/Class/CDC/Src/usbd_cdc.o
                0x20000008                USBD_CDC_CfgFSDesc
                0x2000004c                USBD_CDC_CfgHSDesc
                0x20000090                USBD_CDC_OtherSpeedCfgDesc
                0x200000e0                USBD_CDC
 .data          0x20000118        0x1 Src/sd_diskio.o
 *fill*         0x20000119        0x3 
 .data          0x2000011c        0x4 Src/system_stm32f7xx.o
                0x2000011c                SystemCoreClock
 .data          0x20000120       0x24 Src/usbd_cdc_if.o
                0x20000134                USBD_Interface_fops_HS
 .data          0x20000144       0x34 Src/usbd_desc.o
                0x20000144                USBD_HS_DeviceDesc
                0x20000158                USBD_LangIDDesc
                0x2000015c                HS_Desc
 .data          0x20000178        0x9 application/app.o
 *fill*         0x20000181        0x3 
 .data          0x20000184       0x79 application/app_storage.o
 *(.data*)
 *fill*         0x200001fd        0x3 
 .data._impure_ptr
                0x20000200        0x4 c:/ac6/systemworkbench/plugins/fr.ac6.mcu.externaltools.arm-none.win32_1.15.0.201708311556/tools/compiler/bin/../lib/gcc/arm-none-eabi/6.3.1/../../../../arm-none-eabi/lib/thumb/v7e-m/fpv5/hard\libc_nano.a(lib_a-impure.o)
                0x20000200                _impure_ptr
 .data.impure_data
                0x20000204       0x60 c:/ac6/systemworkbench/plugins/fr.ac6.mcu.externaltools.arm-none.win32_1.15.0.201708311556/tools/compiler/bin/../lib/gcc/arm-none-eabi/6.3.1/../../../../arm-none-eabi/lib/thumb/v7e-m/fpv5/hard\libc_nano.a(lib_a-impure.o)
                0x20000264                . = ALIGN (0x4)
                0x20000264                _edata = .

.jcr            0x20000264        0x0 load address 0x08007b4c
 .jcr           0x20000264        0x0 c:/ac6/systemworkbench/plugins/fr.ac6.mcu.externaltools.arm-none.win32_1.15.0.201708311556/tools/compiler/bin/../lib/gcc/arm-none-eabi/6.3.1/thumb/v7e-m/fpv5/hard/crtbegin.o

.igot.plt       0x20000264        0x0 load address 0x08007b4c
 .igot.plt      0x20000264        0x0 c:/ac6/systemworkbench/plugins/fr.ac6.mcu.externaltools.arm-none.win32_1.15.0.201708311556/tools/compiler/bin/../lib/gcc/arm-none-eabi/6.3.1/thumb/v7e-m/fpv5/hard/crtbegin.o
                0x20000264                . = ALIGN (0x4)

.bss            0x20000264     0x272c load address 0x08007b4c
                0x20000264                _sbss = .
                0x20000264                __bss_start__ = _sbss
 *(.bss)
 .bss           0x20000264       0x1c c:/ac6/systemworkbench/plugins/fr.ac6.mcu.externaltools.arm-none.win32_1.15.0.201708311556/tools/compiler/bin/../lib/gcc/arm-none-eabi/6.3.1/thumb/v7e-m/fpv5/hard/crtbegin.o
 .bss           0x20000280        0x1 Middlewares/ST/STM32_USB_Device_Library/Class/CDC/Src/usbd_cdc.o
 .bss           0x20000281        0x1 Middlewares/ST/STM32_USB_Device_Library/Core/Src/usbd_ctlreq.o
 *fill*         0x20000282        0x2 
 .bss           0x20000284       0x46 Middlewares/Third_Party/FatFs/src/ff.o
 *fill*         0x200002ca        0x2 
 .bss           0x200002cc        0xc Middlewares/Third_Party/FatFs/src/ff_gen_drv.o
                0x200002cc                disk
 .bss           0x200002d8        0x4 Src/main.o
                0x200002d8                flag
 *(.bss*)
 .bss.__malloc_free_list
                0x200002dc        0x4 c:/ac6/systemworkbench/plugins/fr.ac6.mcu.externaltools.arm-none.win32_1.15.0.201708311556/tools/compiler/bin/../lib/gcc/arm-none-eabi/6.3.1/../../../../arm-none-eabi/lib/thumb/v7e-m/fpv5/hard\libc_nano.a(lib_a-nano-mallocr.o)
                0x200002dc                __malloc_free_list
 .bss.__malloc_sbrk_start
                0x200002e0        0x4 c:/ac6/systemworkbench/plugins/fr.ac6.mcu.externaltools.arm-none.win32_1.15.0.201708311556/tools/compiler/bin/../lib/gcc/arm-none-eabi/6.3.1/../../../../arm-none-eabi/lib/thumb/v7e-m/fpv5/hard\libc_nano.a(lib_a-nano-mallocr.o)
                0x200002e0                __malloc_sbrk_start
 .bss.heap_end.5239
                0x200002e4        0x4 c:/ac6/systemworkbench/plugins/fr.ac6.mcu.externaltools.arm-none.win32_1.15.0.201708311556/tools/compiler/bin/../lib/gcc/arm-none-eabi/6.3.1/../../../../arm-none-eabi/lib/thumb/v7e-m/fpv5/hard\libnosys.a(sbrk.o)
 *(COMMON)
 COMMON         0x200002e8        0x4 Drivers/STM32F7xx_HAL_Driver/Src/stm32f7xx_hal.o
                0x200002e8                uwTick
 COMMON         0x200002ec      0x148 Src/main.o
                0x200002ec                hspi2
                0x20000350                hdma_spi2_rx
                0x200003b0                hsd2
 COMMON         0x20000434      0x224 Src/usb_device.o
                0x20000434                hUsbDeviceHS
 COMMON         0x20000658     0x1000 Src/usbd_cdc_if.o
                0x20000658                UserRxBufferHS
                0x20000e58                UserTxBufferHS
 COMMON         0x20001658      0x400 Src/usbd_conf.o
                0x20001658                hpcd_USB_OTG_HS
 COMMON         0x20001a58      0x200 Src/usbd_desc.o
                0x20001a58                USBD_StrDesc
 COMMON         0x20001c58       0x10 application/app.o
                0x20001c58                SPI_2_buffer
                0x20001c5c                SPI_3_buffer
                0x20001c60                SPI_1_buffer
                0x20001c64                SPI_4_buffer
 COMMON         0x20001c68      0xd24 application/app_storage.o
                0x20001c68                FM3
                0x20001e98                mynewdiskFatFs
                0x200020c8                FM4
                0x200022f8                FM1
                0x20002528                mynewdiskPath
                0x2000252c                FM2
                0x2000275c                MyFile
 COMMON         0x2000298c        0x4 c:/ac6/systemworkbench/plugins/fr.ac6.mcu.externaltools.arm-none.win32_1.15.0.201708311556/tools/compiler/bin/../lib/gcc/arm-none-eabi/6.3.1/../../../../arm-none-eabi/lib/thumb/v7e-m/fpv5/hard\libc_nano.a(lib_a-reent.o)
                0x2000298c                errno
                0x20002990                . = ALIGN (0x4)
                0x20002990                _ebss = .
                0x20002990                __bss_end__ = _ebss

._user_heap_stack
                0x20002990      0x600 load address 0x08007b4c
                0x20002990                . = ALIGN (0x8)
                0x20002990                PROVIDE (end, .)
                [!provide]                PROVIDE (_end, .)
                0x20002b90                . = (. + _Min_Heap_Size)
 *fill*         0x20002990      0x200 
                0x20002f90                . = (. + _Min_Stack_Size)
 *fill*         0x20002b90      0x400 
                0x20002f90                . = ALIGN (0x8)

/DISCARD/
 libc.a(*)
 libm.a(*)
 libgcc.a(*)

.ARM.attributes
                0x00000000       0x2e
 *(.ARM.attributes)
 .ARM.attributes
                0x00000000       0x20 c:/ac6/systemworkbench/plugins/fr.ac6.mcu.externaltools.arm-none.win32_1.15.0.201708311556/tools/compiler/bin/../lib/gcc/arm-none-eabi/6.3.1/thumb/v7e-m/fpv5/hard/crti.o
 .ARM.attributes
                0x00000020       0x32 c:/ac6/systemworkbench/plugins/fr.ac6.mcu.externaltools.arm-none.win32_1.15.0.201708311556/tools/compiler/bin/../lib/gcc/arm-none-eabi/6.3.1/thumb/v7e-m/fpv5/hard/crtbegin.o
 .ARM.attributes
                0x00000052       0x37 Drivers/STM32F7xx_HAL_Driver/Src/stm32f7xx_hal.o
 .ARM.attributes
                0x00000089       0x37 Drivers/STM32F7xx_HAL_Driver/Src/stm32f7xx_hal_cortex.o
 .ARM.attributes
                0x000000c0       0x37 Drivers/STM32F7xx_HAL_Driver/Src/stm32f7xx_hal_dma.o
 .ARM.attributes
                0x000000f7       0x37 Drivers/STM32F7xx_HAL_Driver/Src/stm32f7xx_hal_gpio.o
 .ARM.attributes
                0x0000012e       0x37 Drivers/STM32F7xx_HAL_Driver/Src/stm32f7xx_hal_pcd.o
 .ARM.attributes
                0x00000165       0x37 Drivers/STM32F7xx_HAL_Driver/Src/stm32f7xx_hal_pcd_ex.o
 .ARM.attributes
                0x0000019c       0x37 Drivers/STM32F7xx_HAL_Driver/Src/stm32f7xx_hal_pwr_ex.o
 .ARM.attributes
                0x000001d3       0x37 Drivers/STM32F7xx_HAL_Driver/Src/stm32f7xx_hal_rcc.o
 .ARM.attributes
                0x0000020a       0x37 Drivers/STM32F7xx_HAL_Driver/Src/stm32f7xx_hal_rcc_ex.o
 .ARM.attributes
                0x00000241       0x37 Drivers/STM32F7xx_HAL_Driver/Src/stm32f7xx_hal_sd.o
 .ARM.attributes
                0x00000278       0x37 Drivers/STM32F7xx_HAL_Driver/Src/stm32f7xx_hal_spi.o
 .ARM.attributes
                0x000002af       0x37 Drivers/STM32F7xx_HAL_Driver/Src/stm32f7xx_ll_sdmmc.o
 .ARM.attributes
                0x000002e6       0x37 Drivers/STM32F7xx_HAL_Driver/Src/stm32f7xx_ll_usb.o
 .ARM.attributes
                0x0000031d       0x37 Middlewares/ST/STM32_USB_Device_Library/Class/CDC/Src/usbd_cdc.o
 .ARM.attributes
                0x00000354       0x37 Middlewares/ST/STM32_USB_Device_Library/Core/Src/usbd_core.o
 .ARM.attributes
                0x0000038b       0x37 Middlewares/ST/STM32_USB_Device_Library/Core/Src/usbd_ctlreq.o
 .ARM.attributes
                0x000003c2       0x37 Middlewares/ST/STM32_USB_Device_Library/Core/Src/usbd_ioreq.o
 .ARM.attributes
                0x000003f9       0x37 Middlewares/Third_Party/FatFs/src/diskio.o
 .ARM.attributes
                0x00000430       0x37 Middlewares/Third_Party/FatFs/src/ff.o
 .ARM.attributes
                0x00000467       0x37 Middlewares/Third_Party/FatFs/src/ff_gen_drv.o
 .ARM.attributes
                0x0000049e       0x37 Src/bsp_driver_sd.o
 .ARM.attributes
                0x000004d5       0x37 Src/fatfs.o
 .ARM.attributes
                0x0000050c       0x37 Src/main.o
 .ARM.attributes
                0x00000543       0x37 Src/sd_diskio.o
 .ARM.attributes
                0x0000057a       0x37 Src/stm32f7xx_hal_msp.o
 .ARM.attributes
                0x000005b1       0x37 Src/stm32f7xx_it.o
 .ARM.attributes
                0x000005e8       0x37 Src/system_stm32f7xx.o
 .ARM.attributes
                0x0000061f       0x37 Src/usb_device.o
 .ARM.attributes
                0x00000656       0x37 Src/usbd_cdc_if.o
 .ARM.attributes
                0x0000068d       0x37 Src/usbd_conf.o
 .ARM.attributes
                0x000006c4       0x37 Src/usbd_desc.o
 .ARM.attributes
                0x000006fb       0x37 application/VCP_interface.o
 .ARM.attributes
                0x00000732       0x37 application/app.o
 .ARM.attributes
                0x00000769       0x37 application/app_storage.o
 .ARM.attributes
                0x000007a0       0x21 startup/startup_stm32f769xx.o
 .ARM.attributes
                0x000007c1       0x20 c:/ac6/systemworkbench/plugins/fr.ac6.mcu.externaltools.arm-none.win32_1.15.0.201708311556/tools/compiler/bin/../lib/gcc/arm-none-eabi/6.3.1/thumb/v7e-m/fpv5/hard\libgcc.a(_aeabi_uldivmod.o)
 .ARM.attributes
                0x000007e1       0x32 c:/ac6/systemworkbench/plugins/fr.ac6.mcu.externaltools.arm-none.win32_1.15.0.201708311556/tools/compiler/bin/../lib/gcc/arm-none-eabi/6.3.1/thumb/v7e-m/fpv5/hard\libgcc.a(_udivmoddi4.o)
 .ARM.attributes
                0x00000813       0x20 c:/ac6/systemworkbench/plugins/fr.ac6.mcu.externaltools.arm-none.win32_1.15.0.201708311556/tools/compiler/bin/../lib/gcc/arm-none-eabi/6.3.1/thumb/v7e-m/fpv5/hard\libgcc.a(_dvmd_tls.o)
 .ARM.attributes
                0x00000833       0x32 c:/ac6/systemworkbench/plugins/fr.ac6.mcu.externaltools.arm-none.win32_1.15.0.201708311556/tools/compiler/bin/../lib/gcc/arm-none-eabi/6.3.1/../../../../arm-none-eabi/lib/thumb/v7e-m/fpv5/hard\libc_nano.a(lib_a-impure.o)
 .ARM.attributes
                0x00000865       0x32 c:/ac6/systemworkbench/plugins/fr.ac6.mcu.externaltools.arm-none.win32_1.15.0.201708311556/tools/compiler/bin/../lib/gcc/arm-none-eabi/6.3.1/../../../../arm-none-eabi/lib/thumb/v7e-m/fpv5/hard\libc_nano.a(lib_a-init.o)
 .ARM.attributes
                0x00000897       0x32 c:/ac6/systemworkbench/plugins/fr.ac6.mcu.externaltools.arm-none.win32_1.15.0.201708311556/tools/compiler/bin/../lib/gcc/arm-none-eabi/6.3.1/../../../../arm-none-eabi/lib/thumb/v7e-m/fpv5/hard\libc_nano.a(lib_a-malloc.o)
 .ARM.attributes
                0x000008c9       0x32 c:/ac6/systemworkbench/plugins/fr.ac6.mcu.externaltools.arm-none.win32_1.15.0.201708311556/tools/compiler/bin/../lib/gcc/arm-none-eabi/6.3.1/../../../../arm-none-eabi/lib/thumb/v7e-m/fpv5/hard\libc_nano.a(lib_a-memcpy-stub.o)
 .ARM.attributes
                0x000008fb       0x32 c:/ac6/systemworkbench/plugins/fr.ac6.mcu.externaltools.arm-none.win32_1.15.0.201708311556/tools/compiler/bin/../lib/gcc/arm-none-eabi/6.3.1/../../../../arm-none-eabi/lib/thumb/v7e-m/fpv5/hard\libc_nano.a(lib_a-memset.o)
 .ARM.attributes
                0x0000092d       0x32 c:/ac6/systemworkbench/plugins/fr.ac6.mcu.externaltools.arm-none.win32_1.15.0.201708311556/tools/compiler/bin/../lib/gcc/arm-none-eabi/6.3.1/../../../../arm-none-eabi/lib/thumb/v7e-m/fpv5/hard\libc_nano.a(lib_a-nano-freer.o)
 .ARM.attributes
                0x0000095f       0x32 c:/ac6/systemworkbench/plugins/fr.ac6.mcu.externaltools.arm-none.win32_1.15.0.201708311556/tools/compiler/bin/../lib/gcc/arm-none-eabi/6.3.1/../../../../arm-none-eabi/lib/thumb/v7e-m/fpv5/hard\libc_nano.a(lib_a-nano-mallocr.o)
 .ARM.attributes
                0x00000991       0x32 c:/ac6/systemworkbench/plugins/fr.ac6.mcu.externaltools.arm-none.win32_1.15.0.201708311556/tools/compiler/bin/../lib/gcc/arm-none-eabi/6.3.1/../../../../arm-none-eabi/lib/thumb/v7e-m/fpv5/hard\libc_nano.a(lib_a-sbrkr.o)
 .ARM.attributes
                0x000009c3       0x32 c:/ac6/systemworkbench/plugins/fr.ac6.mcu.externaltools.arm-none.win32_1.15.0.201708311556/tools/compiler/bin/../lib/gcc/arm-none-eabi/6.3.1/../../../../arm-none-eabi/lib/thumb/v7e-m/fpv5/hard\libc_nano.a(lib_a-mlock.o)
 .ARM.attributes
                0x000009f5       0x32 c:/ac6/systemworkbench/plugins/fr.ac6.mcu.externaltools.arm-none.win32_1.15.0.201708311556/tools/compiler/bin/../lib/gcc/arm-none-eabi/6.3.1/../../../../arm-none-eabi/lib/thumb/v7e-m/fpv5/hard\libc_nano.a(lib_a-reent.o)
 .ARM.attributes
                0x00000a27       0x32 c:/ac6/systemworkbench/plugins/fr.ac6.mcu.externaltools.arm-none.win32_1.15.0.201708311556/tools/compiler/bin/../lib/gcc/arm-none-eabi/6.3.1/../../../../arm-none-eabi/lib/thumb/v7e-m/fpv5/hard\libnosys.a(sbrk.o)
 .ARM.attributes
                0x00000a59       0x20 c:/ac6/systemworkbench/plugins/fr.ac6.mcu.externaltools.arm-none.win32_1.15.0.201708311556/tools/compiler/bin/../lib/gcc/arm-none-eabi/6.3.1/thumb/v7e-m/fpv5/hard/crtn.o
OUTPUT(VCP_SD_SPI.elf elf32-littlearm)

.debug_info     0x00000000    0x325b8
 .debug_info    0x00000000     0x12f9 Drivers/STM32F7xx_HAL_Driver/Src/stm32f7xx_hal.o
 .debug_info    0x000012f9     0x19c4 Drivers/STM32F7xx_HAL_Driver/Src/stm32f7xx_hal_cortex.o
 .debug_info    0x00002cbd     0x127e Drivers/STM32F7xx_HAL_Driver/Src/stm32f7xx_hal_dma.o
 .debug_info    0x00003f3b      0xfcb Drivers/STM32F7xx_HAL_Driver/Src/stm32f7xx_hal_gpio.o
 .debug_info    0x00004f06     0x1e02 Drivers/STM32F7xx_HAL_Driver/Src/stm32f7xx_hal_pcd.o
 .debug_info    0x00006d08      0xf8a Drivers/STM32F7xx_HAL_Driver/Src/stm32f7xx_hal_pcd_ex.o
 .debug_info    0x00007c92     0x1250 Drivers/STM32F7xx_HAL_Driver/Src/stm32f7xx_hal_pwr_ex.o
 .debug_info    0x00008ee2     0x136f Drivers/STM32F7xx_HAL_Driver/Src/stm32f7xx_hal_rcc.o
 .debug_info    0x0000a251     0x10a2 Drivers/STM32F7xx_HAL_Driver/Src/stm32f7xx_hal_rcc_ex.o
 .debug_info    0x0000b2f3     0x2a6e Drivers/STM32F7xx_HAL_Driver/Src/stm32f7xx_hal_sd.o
 .debug_info    0x0000dd61     0x261b Drivers/STM32F7xx_HAL_Driver/Src/stm32f7xx_hal_spi.o
 .debug_info    0x0001037c     0x1e63 Drivers/STM32F7xx_HAL_Driver/Src/stm32f7xx_ll_sdmmc.o
 .debug_info    0x000121df     0x1f66 Drivers/STM32F7xx_HAL_Driver/Src/stm32f7xx_ll_usb.o
 .debug_info    0x00014145     0x158a Middlewares/ST/STM32_USB_Device_Library/Class/CDC/Src/usbd_cdc.o
 .debug_info    0x000156cf     0x1490 Middlewares/ST/STM32_USB_Device_Library/Core/Src/usbd_core.o
 .debug_info    0x00016b5f     0x1666 Middlewares/ST/STM32_USB_Device_Library/Core/Src/usbd_ctlreq.o
 .debug_info    0x000181c5      0xfd9 Middlewares/ST/STM32_USB_Device_Library/Core/Src/usbd_ioreq.o
 .debug_info    0x0001919e      0xcf1 Middlewares/Third_Party/FatFs/src/diskio.o
 .debug_info    0x00019e8f     0x46e4 Middlewares/Third_Party/FatFs/src/ff.o
 .debug_info    0x0001e573      0xc70 Middlewares/Third_Party/FatFs/src/ff_gen_drv.o
 .debug_info    0x0001f1e3     0x1305 Src/bsp_driver_sd.o
 .debug_info    0x000204e8      0xd68 Src/fatfs.o
 .debug_info    0x00021250     0x2ce8 Src/main.o
 .debug_info    0x00023f38      0xde6 Src/sd_diskio.o
 .debug_info    0x00024d1e     0x1aba Src/stm32f7xx_hal_msp.o
 .debug_info    0x000267d8     0x10af Src/stm32f7xx_it.o
 .debug_info    0x00027887      0xf19 Src/system_stm32f7xx.o
 .debug_info    0x000287a0      0xe91 Src/usb_device.o
 .debug_info    0x00029631     0x14b5 Src/usbd_cdc_if.o
 .debug_info    0x0002aae6     0x26ff Src/usbd_conf.o
 .debug_info    0x0002d1e5      0xd69 Src/usbd_desc.o
 .debug_info    0x0002df4e     0x1691 application/VCP_interface.o
 .debug_info    0x0002f5df     0x18df application/app.o
 .debug_info    0x00030ebe     0x16fa application/app_storage.o

.debug_abbrev   0x00000000     0x5d92
 .debug_abbrev  0x00000000      0x2e3 Drivers/STM32F7xx_HAL_Driver/Src/stm32f7xx_hal.o
 .debug_abbrev  0x000002e3      0x3d4 Drivers/STM32F7xx_HAL_Driver/Src/stm32f7xx_hal_cortex.o
 .debug_abbrev  0x000006b7      0x328 Drivers/STM32F7xx_HAL_Driver/Src/stm32f7xx_hal_dma.o
 .debug_abbrev  0x000009df      0x2a5 Drivers/STM32F7xx_HAL_Driver/Src/stm32f7xx_hal_gpio.o
 .debug_abbrev  0x00000c84      0x347 Drivers/STM32F7xx_HAL_Driver/Src/stm32f7xx_hal_pcd.o
 .debug_abbrev  0x00000fcb      0x293 Drivers/STM32F7xx_HAL_Driver/Src/stm32f7xx_hal_pcd_ex.o
 .debug_abbrev  0x0000125e      0x2d9 Drivers/STM32F7xx_HAL_Driver/Src/stm32f7xx_hal_pwr_ex.o
 .debug_abbrev  0x00001537      0x354 Drivers/STM32F7xx_HAL_Driver/Src/stm32f7xx_hal_rcc.o
 .debug_abbrev  0x0000188b      0x29c Drivers/STM32F7xx_HAL_Driver/Src/stm32f7xx_hal_rcc_ex.o
 .debug_abbrev  0x00001b27      0x2fa Drivers/STM32F7xx_HAL_Driver/Src/stm32f7xx_hal_sd.o
 .debug_abbrev  0x00001e21      0x2f0 Drivers/STM32F7xx_HAL_Driver/Src/stm32f7xx_hal_spi.o
 .debug_abbrev  0x00002111      0x2b5 Drivers/STM32F7xx_HAL_Driver/Src/stm32f7xx_ll_sdmmc.o
 .debug_abbrev  0x000023c6      0x32d Drivers/STM32F7xx_HAL_Driver/Src/stm32f7xx_ll_usb.o
 .debug_abbrev  0x000026f3      0x312 Middlewares/ST/STM32_USB_Device_Library/Class/CDC/Src/usbd_cdc.o
 .debug_abbrev  0x00002a05      0x2c6 Middlewares/ST/STM32_USB_Device_Library/Core/Src/usbd_core.o
 .debug_abbrev  0x00002ccb      0x327 Middlewares/ST/STM32_USB_Device_Library/Core/Src/usbd_ctlreq.o
 .debug_abbrev  0x00002ff2      0x213 Middlewares/ST/STM32_USB_Device_Library/Core/Src/usbd_ioreq.o
 .debug_abbrev  0x00003205      0x280 Middlewares/Third_Party/FatFs/src/diskio.o
 .debug_abbrev  0x00003485      0x31c Middlewares/Third_Party/FatFs/src/ff.o
 .debug_abbrev  0x000037a1      0x274 Middlewares/Third_Party/FatFs/src/ff_gen_drv.o
 .debug_abbrev  0x00003a15      0x270 Src/bsp_driver_sd.o
 .debug_abbrev  0x00003c85      0x23d Src/fatfs.o
 .debug_abbrev  0x00003ec2      0x325 Src/main.o
 .debug_abbrev  0x000041e7      0x270 Src/sd_diskio.o
 .debug_abbrev  0x00004457      0x26c Src/stm32f7xx_hal_msp.o
 .debug_abbrev  0x000046c3      0x221 Src/stm32f7xx_it.o
 .debug_abbrev  0x000048e4      0x212 Src/system_stm32f7xx.o
 .debug_abbrev  0x00004af6      0x216 Src/usb_device.o
 .debug_abbrev  0x00004d0c      0x2f9 Src/usbd_cdc_if.o
 .debug_abbrev  0x00005005      0x2dc Src/usbd_conf.o
 .debug_abbrev  0x000052e1      0x258 Src/usbd_desc.o
 .debug_abbrev  0x00005539      0x2ad application/VCP_interface.o
 .debug_abbrev  0x000057e6      0x2dd application/app.o
 .debug_abbrev  0x00005ac3      0x2cf application/app_storage.o

.debug_loc      0x00000000    0x109b8
 .debug_loc     0x00000000      0x108 Drivers/STM32F7xx_HAL_Driver/Src/stm32f7xx_hal.o
 .debug_loc     0x00000108      0x5c0 Drivers/STM32F7xx_HAL_Driver/Src/stm32f7xx_hal_cortex.o
 .debug_loc     0x000006c8      0xb59 Drivers/STM32F7xx_HAL_Driver/Src/stm32f7xx_hal_dma.o
 .debug_loc     0x00001221      0x409 Drivers/STM32F7xx_HAL_Driver/Src/stm32f7xx_hal_gpio.o
 .debug_loc     0x0000162a      0xd54 Drivers/STM32F7xx_HAL_Driver/Src/stm32f7xx_hal_pcd.o
 .debug_loc     0x0000237e      0x104 Drivers/STM32F7xx_HAL_Driver/Src/stm32f7xx_hal_pcd_ex.o
 .debug_loc     0x00002482      0x198 Drivers/STM32F7xx_HAL_Driver/Src/stm32f7xx_hal_pwr_ex.o
 .debug_loc     0x0000261a      0x4b8 Drivers/STM32F7xx_HAL_Driver/Src/stm32f7xx_hal_rcc.o
 .debug_loc     0x00002ad2      0x61d Drivers/STM32F7xx_HAL_Driver/Src/stm32f7xx_hal_rcc_ex.o
 .debug_loc     0x000030ef     0x1d2b Drivers/STM32F7xx_HAL_Driver/Src/stm32f7xx_hal_sd.o
 .debug_loc     0x00004e1a     0x1ad7 Drivers/STM32F7xx_HAL_Driver/Src/stm32f7xx_hal_spi.o
 .debug_loc     0x000068f1     0x1168 Drivers/STM32F7xx_HAL_Driver/Src/stm32f7xx_ll_sdmmc.o
 .debug_loc     0x00007a59     0x11c1 Drivers/STM32F7xx_HAL_Driver/Src/stm32f7xx_ll_usb.o
 .debug_loc     0x00008c1a      0x4b9 Middlewares/ST/STM32_USB_Device_Library/Class/CDC/Src/usbd_cdc.o
 .debug_loc     0x000090d3      0x71c Middlewares/ST/STM32_USB_Device_Library/Core/Src/usbd_core.o
 .debug_loc     0x000097ef      0xb99 Middlewares/ST/STM32_USB_Device_Library/Core/Src/usbd_ctlreq.o
 .debug_loc     0x0000a388      0x23c Middlewares/ST/STM32_USB_Device_Library/Core/Src/usbd_ioreq.o
 .debug_loc     0x0000a5c4      0x1fc Middlewares/Third_Party/FatFs/src/diskio.o
 .debug_loc     0x0000a7c0     0x44a2 Middlewares/Third_Party/FatFs/src/ff.o
 .debug_loc     0x0000ec62      0x23f Middlewares/Third_Party/FatFs/src/ff_gen_drv.o
 .debug_loc     0x0000eea1      0x3b4 Src/bsp_driver_sd.o
 .debug_loc     0x0000f255      0x3d3 Src/sd_diskio.o
 .debug_loc     0x0000f628       0xa5 Src/stm32f7xx_hal_msp.o
 .debug_loc     0x0000f6cd      0x13e Src/system_stm32f7xx.o
 .debug_loc     0x0000f80b      0x110 Src/usbd_cdc_if.o
 .debug_loc     0x0000f91b      0xbe7 Src/usbd_conf.o
 .debug_loc     0x00010502      0x2b7 Src/usbd_desc.o
 .debug_loc     0x000107b9       0x21 application/VCP_interface.o
 .debug_loc     0x000107da       0x80 application/app.o
 .debug_loc     0x0001085a      0x15e application/app_storage.o

.debug_aranges  0x00000000     0x1460
 .debug_aranges
                0x00000000      0x110 Drivers/STM32F7xx_HAL_Driver/Src/stm32f7xx_hal.o
 .debug_aranges
                0x00000110       0xa8 Drivers/STM32F7xx_HAL_Driver/Src/stm32f7xx_hal_cortex.o
 .debug_aranges
                0x000001b8       0x90 Drivers/STM32F7xx_HAL_Driver/Src/stm32f7xx_hal_dma.o
 .debug_aranges
                0x00000248       0x58 Drivers/STM32F7xx_HAL_Driver/Src/stm32f7xx_hal_gpio.o
 .debug_aranges
                0x000002a0      0x120 Drivers/STM32F7xx_HAL_Driver/Src/stm32f7xx_hal_pcd.o
 .debug_aranges
                0x000003c0       0x40 Drivers/STM32F7xx_HAL_Driver/Src/stm32f7xx_hal_pcd_ex.o
 .debug_aranges
                0x00000400       0x80 Drivers/STM32F7xx_HAL_Driver/Src/stm32f7xx_hal_pwr_ex.o
 .debug_aranges
                0x00000480       0x88 Drivers/STM32F7xx_HAL_Driver/Src/stm32f7xx_hal_rcc.o
 .debug_aranges
                0x00000508       0x50 Drivers/STM32F7xx_HAL_Driver/Src/stm32f7xx_hal_rcc_ex.o
 .debug_aranges
                0x00000558      0x168 Drivers/STM32F7xx_HAL_Driver/Src/stm32f7xx_hal_sd.o
 .debug_aranges
                0x000006c0      0x1d8 Drivers/STM32F7xx_HAL_Driver/Src/stm32f7xx_hal_spi.o
 .debug_aranges
                0x00000898      0x178 Drivers/STM32F7xx_HAL_Driver/Src/stm32f7xx_ll_sdmmc.o
 .debug_aranges
                0x00000a10      0x180 Drivers/STM32F7xx_HAL_Driver/Src/stm32f7xx_ll_usb.o
 .debug_aranges
                0x00000b90       0x90 Middlewares/ST/STM32_USB_Device_Library/Class/CDC/Src/usbd_cdc.o
 .debug_aranges
                0x00000c20       0xb8 Middlewares/ST/STM32_USB_Device_Library/Core/Src/usbd_core.o
 .debug_aranges
                0x00000cd8       0x88 Middlewares/ST/STM32_USB_Device_Library/Core/Src/usbd_ctlreq.o
 .debug_aranges
                0x00000d60       0x50 Middlewares/ST/STM32_USB_Device_Library/Core/Src/usbd_ioreq.o
 .debug_aranges
                0x00000db0       0x48 Middlewares/Third_Party/FatFs/src/diskio.o
 .debug_aranges
                0x00000df8      0x208 Middlewares/Third_Party/FatFs/src/ff.o
 .debug_aranges
                0x00001000       0x40 Middlewares/Third_Party/FatFs/src/ff_gen_drv.o
 .debug_aranges
                0x00001040       0x68 Src/bsp_driver_sd.o
 .debug_aranges
                0x000010a8       0x28 Src/fatfs.o
 .debug_aranges
                0x000010d0       0x50 Src/main.o
 .debug_aranges
                0x00001120       0x48 Src/sd_diskio.o
 .debug_aranges
                0x00001168       0x40 Src/stm32f7xx_hal_msp.o
 .debug_aranges
                0x000011a8       0x30 Src/stm32f7xx_it.o
 .debug_aranges
                0x000011d8       0x28 Src/system_stm32f7xx.o
 .debug_aranges
                0x00001200       0x20 Src/usb_device.o
 .debug_aranges
                0x00001220       0x40 Src/usbd_cdc_if.o
 .debug_aranges
                0x00001260       0xf8 Src/usbd_conf.o
 .debug_aranges
                0x00001358       0x50 Src/usbd_desc.o
 .debug_aranges
                0x000013a8       0x28 application/VCP_interface.o
 .debug_aranges
                0x000013d0       0x60 application/app.o
 .debug_aranges
                0x00001430       0x30 application/app_storage.o

.debug_ranges   0x00000000     0x12a0
 .debug_ranges  0x00000000      0x100 Drivers/STM32F7xx_HAL_Driver/Src/stm32f7xx_hal.o
 .debug_ranges  0x00000100       0xf8 Drivers/STM32F7xx_HAL_Driver/Src/stm32f7xx_hal_cortex.o
 .debug_ranges  0x000001f8       0x80 Drivers/STM32F7xx_HAL_Driver/Src/stm32f7xx_hal_dma.o
 .debug_ranges  0x00000278       0x48 Drivers/STM32F7xx_HAL_Driver/Src/stm32f7xx_hal_gpio.o
 .debug_ranges  0x000002c0      0x110 Drivers/STM32F7xx_HAL_Driver/Src/stm32f7xx_hal_pcd.o
 .debug_ranges  0x000003d0       0x30 Drivers/STM32F7xx_HAL_Driver/Src/stm32f7xx_hal_pcd_ex.o
 .debug_ranges  0x00000400       0x70 Drivers/STM32F7xx_HAL_Driver/Src/stm32f7xx_hal_pwr_ex.o
 .debug_ranges  0x00000470       0x78 Drivers/STM32F7xx_HAL_Driver/Src/stm32f7xx_hal_rcc.o
 .debug_ranges  0x000004e8       0x40 Drivers/STM32F7xx_HAL_Driver/Src/stm32f7xx_hal_rcc_ex.o
 .debug_ranges  0x00000528      0x158 Drivers/STM32F7xx_HAL_Driver/Src/stm32f7xx_hal_sd.o
 .debug_ranges  0x00000680      0x1c8 Drivers/STM32F7xx_HAL_Driver/Src/stm32f7xx_hal_spi.o
 .debug_ranges  0x00000848      0x168 Drivers/STM32F7xx_HAL_Driver/Src/stm32f7xx_ll_sdmmc.o
 .debug_ranges  0x000009b0      0x170 Drivers/STM32F7xx_HAL_Driver/Src/stm32f7xx_ll_usb.o
 .debug_ranges  0x00000b20       0x80 Middlewares/ST/STM32_USB_Device_Library/Class/CDC/Src/usbd_cdc.o
 .debug_ranges  0x00000ba0       0xa8 Middlewares/ST/STM32_USB_Device_Library/Core/Src/usbd_core.o
 .debug_ranges  0x00000c48       0x78 Middlewares/ST/STM32_USB_Device_Library/Core/Src/usbd_ctlreq.o
 .debug_ranges  0x00000cc0       0x40 Middlewares/ST/STM32_USB_Device_Library/Core/Src/usbd_ioreq.o
 .debug_ranges  0x00000d00       0x38 Middlewares/Third_Party/FatFs/src/diskio.o
 .debug_ranges  0x00000d38      0x1f8 Middlewares/Third_Party/FatFs/src/ff.o
 .debug_ranges  0x00000f30       0x30 Middlewares/Third_Party/FatFs/src/ff_gen_drv.o
 .debug_ranges  0x00000f60       0x58 Src/bsp_driver_sd.o